03:19:11 **** Auto Build of configuration Debug for project FINAL_hopefully ****
make all 
'Building file: ../src/helloworld.c'
'Invoking: MicroBlaze gcc compiler'
mb-gcc -Wall -O0 -g3 -c -fmessage-length=0 -MT"src/helloworld.o" -I../../FINAL_hopefully_bsp/microblaze_0/include -mlittle-endian -mcpu=v11.0 -mxl-soft-mul -Wl,--no-relax -ffunction-sections -fdata-sections -MMD -MP -MF"src/helloworld.d" -MT"src/helloworld.o" -o "src/helloworld.o" "../src/helloworld.c"
../src/helloworld.c: In function 'fourPointSearch':
../src/helloworld.c:427:8: warning: unused variable 'inv_fiddle_factor' [-Wunused-variable]
  float inv_fiddle_factor = 0.0;
        ^~~~~~~~~~~~~~~~~
../src/helloworld.c:426:8: warning: unused variable 'fiddle_factor' [-Wunused-variable]
  float fiddle_factor = 0.0;
        ^~~~~~~~~~~~~
../src/helloworld.c: In function 'setup_controller':
../src/helloworld.c:654:10: warning: unused variable 'y_offset' [-Wunused-variable]
  int16_t y_offset = *accelPtr  >> 9;
          ^~~~~~~~
../src/helloworld.c: In function 'main':
../src/helloworld.c:744:25: warning: unused variable 'stop' [-Wunused-variable]
     volatile uint32_t * stop;
                         ^~~~
../src/helloworld.c:743:25: warning: unused variable 'ptr' [-Wunused-variable]
     volatile uint32_t * ptr;
                         ^~~
../src/helloworld.c:742:23: warning: unused variable 'value1' [-Wunused-variable]
     volatile uint32_t value1;
                       ^~~~~~
../src/helloworld.c:741:23: warning: unused variable 'value' [-Wunused-variable]
     volatile uint32_t value;
                       ^~~~~
'Finished building: ../src/helloworld.c'
' '
'Building target: FINAL_hopefully.elf'
'Invoking: MicroBlaze gcc linker'
mb-gcc -Wl,-T -Wl,../src/lscript.ld -L../../FINAL_hopefully_bsp/microblaze_0/lib -mlittle-endian -mcpu=v11.0 -mxl-soft-mul -Wl,--no-relax -Wl,--gc-sections -o "FINAL_hopefully.elf"  ./src/helloworld.o ./src/platform.o   -Wl,--start-group,-lxil,-lgcc,-lc,--end-group
'Finished building target: FINAL_hopefully.elf'
' '
'Invoking: MicroBlaze Print Size'
mb-size FINAL_hopefully.elf  |tee "FINAL_hopefully.elf.size"
   text	   data	    bss	    dec	    hex	filename
  28212	    324	   3152	  31688	   7bc8	FINAL_hopefully.elf
'Finished building: FINAL_hopefully.elf.size'
' '

03:19:12 Build Finished (took 613ms)

