23:24:35 **** Incremental Build of configuration Debug for project FINAL_hopefully ****
make all 
make: Nothing to be done for 'all'.
23:27:23 **** Auto Build of configuration Debug for project FINAL_hopefully ****
make all 
'Building file: ../src/helloworld.c'
'Invoking: MicroBlaze gcc compiler'
mb-gcc -Wall -O0 -g3 -c -fmessage-length=0 -MT"src/helloworld.o" -I../../FINAL_hopefully_bsp/microblaze_0/include -mlittle-endian -mcpu=v11.0 -mxl-soft-mul -Wl,--no-relax -ffunction-sections -fdata-sections -MMD -MP -MF"src/helloworld.d" -MT"src/helloworld.o" -o "src/helloworld.o" "../src/helloworld.c"
../src/helloworld.c: In function 'fourPointSearch':
../src/helloworld.c:386:8: warning: unused variable 'inv_fiddle_factor' [-Wunused-variable]
  float inv_fiddle_factor = 0.0;
        ^~~~~~~~~~~~~~~~~
../src/helloworld.c:385:8: warning: unused variable 'fiddle_factor' [-Wunused-variable]
  float fiddle_factor = 0.0;
        ^~~~~~~~~~~~~
../src/helloworld.c: In function 'main':
../src/helloworld.c:565:25: warning: unused variable 'stop' [-Wunused-variable]
     volatile uint32_t * stop;
                         ^~~~
../src/helloworld.c:564:25: warning: unused variable 'ptr' [-Wunused-variable]
     volatile uint32_t * ptr;
                         ^~~
../src/helloworld.c:563:23: warning: unused variable 'value1' [-Wunused-variable]
     volatile uint32_t value1;
                       ^~~~~~
../src/helloworld.c:562:23: warning: unused variable 'value' [-Wunused-variable]
     volatile uint32_t value;
                       ^~~~~
'Finished building: ../src/helloworld.c'
' '
'Building target: FINAL_hopefully.elf'
'Invoking: MicroBlaze gcc linker'
mb-gcc -Wl,-T -Wl,../src/lscript.ld -L../../FINAL_hopefully_bsp/microblaze_0/lib -mlittle-endian -mcpu=v11.0 -mxl-soft-mul -Wl,--no-relax -Wl,--gc-sections -o "FINAL_hopefully.elf"  ./src/helloworld.o ./src/platform.o   -Wl,--start-group,-lxil,-lgcc,-lc,--end-group
'Finished building target: FINAL_hopefully.elf'
' '
'Invoking: MicroBlaze Print Size'
mb-size FINAL_hopefully.elf  |tee "FINAL_hopefully.elf.size"
   text	   data	    bss	    dec	    hex	filename
  22664	    328	   3120	  26112	   6600	FINAL_hopefully.elf
'Finished building: FINAL_hopefully.elf.size'
' '
18:02:41 **** Build of configuration Debug for project FINAL_hopefully ****
make all 
make: Nothing to be done for 'all'.
18:02:51 **** Incremental Build of configuration Debug for project FINAL_hopefully ****
make all 
make: Nothing to be done for 'all'.
18:02:59 **** Auto Build of configuration Debug for project FINAL_hopefully ****
make all 
'Building file: ../src/helloworld.c'
'Invoking: MicroBlaze gcc compiler'
mb-gcc -Wall -O0 -g3 -c -fmessage-length=0 -MT"src/helloworld.o" -I../../FINAL_hopefully_bsp/microblaze_0/include -mlittle-endian -mcpu=v11.0 -mxl-soft-mul -Wl,--no-relax -ffunction-sections -fdata-sections -MMD -MP -MF"src/helloworld.d" -MT"src/helloworld.o" -o "src/helloworld.o" "../src/helloworld.c"
../src/helloworld.c: In function 'fourPointSearch':
../src/helloworld.c:386:8: warning: unused variable 'inv_fiddle_factor' [-Wunused-variable]
  float inv_fiddle_factor = 0.0;
        ^~~~~~~~~~~~~~~~~
../src/helloworld.c:385:8: warning: unused variable 'fiddle_factor' [-Wunused-variable]
  float fiddle_factor = 0.0;
        ^~~~~~~~~~~~~
../src/helloworld.c: In function 'main':
../src/helloworld.c:565:25: warning: unused variable 'stop' [-Wunused-variable]
     volatile uint32_t * stop;
                         ^~~~
../src/helloworld.c:564:25: warning: unused variable 'ptr' [-Wunused-variable]
     volatile uint32_t * ptr;
                         ^~~
../src/helloworld.c:563:23: warning: unused variable 'value1' [-Wunused-variable]
     volatile uint32_t value1;
                       ^~~~~~
../src/helloworld.c:562:23: warning: unused variable 'value' [-Wunused-variable]
     volatile uint32_t value;
                       ^~~~~
'Finished building: ../src/helloworld.c'
' '
'Building target: FINAL_hopefully.elf'
'Invoking: MicroBlaze gcc linker'
mb-gcc -Wl,-T -Wl,../src/lscript.ld -L../../FINAL_hopefully_bsp/microblaze_0/lib -mlittle-endian -mcpu=v11.0 -mxl-soft-mul -Wl,--no-relax -Wl,--gc-sections -o "FINAL_hopefully.elf"  ./src/helloworld.o ./src/platform.o   -Wl,--start-group,-lxil,-lgcc,-lc,--end-group
'Finished building target: FINAL_hopefully.elf'
' '
'Invoking: MicroBlaze Print Size'
mb-size FINAL_hopefully.elf  |tee "FINAL_hopefully.elf.size"
   text	   data	    bss	    dec	    hex	filename
  22664	    328	   3120	  26112	   6600	FINAL_hopefully.elf
'Finished building: FINAL_hopefully.elf.size'
' '
18:08:36 **** Auto Build of configuration Debug for project FINAL_hopefully ****
make all 
'Building file: ../src/helloworld.c'
'Invoking: MicroBlaze gcc compiler'
mb-gcc -Wall -O0 -g3 -c -fmessage-length=0 -MT"src/helloworld.o" -I../../FINAL_hopefully_bsp/microblaze_0/include -mlittle-endian -mcpu=v11.0 -mxl-soft-mul -Wl,--no-relax -ffunction-sections -fdata-sections -MMD -MP -MF"src/helloworld.d" -MT"src/helloworld.o" -o "src/helloworld.o" "../src/helloworld.c"
../src/helloworld.c: In function 'fourPointSearch':
../src/helloworld.c:386:8: warning: unused variable 'inv_fiddle_factor' [-Wunused-variable]
  float inv_fiddle_factor = 0.0;
        ^~~~~~~~~~~~~~~~~
../src/helloworld.c:385:8: warning: unused variable 'fiddle_factor' [-Wunused-variable]
  float fiddle_factor = 0.0;
        ^~~~~~~~~~~~~
../src/helloworld.c: In function 'main':
../src/helloworld.c:565:25: warning: unused variable 'stop' [-Wunused-variable]
     volatile uint32_t * stop;
                         ^~~~
../src/helloworld.c:564:25: warning: unused variable 'ptr' [-Wunused-variable]
     volatile uint32_t * ptr;
                         ^~~
../src/helloworld.c:563:23: warning: unused variable 'value1' [-Wunused-variable]
     volatile uint32_t value1;
                       ^~~~~~
../src/helloworld.c:562:23: warning: unused variable 'value' [-Wunused-variable]
     volatile uint32_t value;
                       ^~~~~
'Finished building: ../src/helloworld.c'
' '
'Building target: FINAL_hopefully.elf'
'Invoking: MicroBlaze gcc linker'
mb-gcc -Wl,-T -Wl,../src/lscript.ld -L../../FINAL_hopefully_bsp/microblaze_0/lib -mlittle-endian -mcpu=v11.0 -mxl-soft-mul -Wl,--no-relax -Wl,--gc-sections -o "FINAL_hopefully.elf"  ./src/helloworld.o ./src/platform.o   -Wl,--start-group,-lxil,-lgcc,-lc,--end-group
'Finished building target: FINAL_hopefully.elf'
' '
'Invoking: MicroBlaze Print Size'
mb-size FINAL_hopefully.elf  |tee "FINAL_hopefully.elf.size"
   text	   data	    bss	    dec	    hex	filename
  22716	    328	   3124	  26168	   6638	FINAL_hopefully.elf
'Finished building: FINAL_hopefully.elf.size'
' '
18:08:38 **** Auto Build of configuration Debug for project FINAL_hopefully ****
make all 
'Building file: ../src/helloworld.c'
'Invoking: MicroBlaze gcc compiler'
mb-gcc -Wall -O0 -g3 -c -fmessage-length=0 -MT"src/helloworld.o" -I../../FINAL_hopefully_bsp/microblaze_0/include -mlittle-endian -mcpu=v11.0 -mxl-soft-mul -Wl,--no-relax -ffunction-sections -fdata-sections -MMD -MP -MF"src/helloworld.d" -MT"src/helloworld.o" -o "src/helloworld.o" "../src/helloworld.c"
../src/helloworld.c: In function 'fourPointSearch':
../src/helloworld.c:386:8: warning: unused variable 'inv_fiddle_factor' [-Wunused-variable]
  float inv_fiddle_factor = 0.0;
        ^~~~~~~~~~~~~~~~~
../src/helloworld.c:385:8: warning: unused variable 'fiddle_factor' [-Wunused-variable]
  float fiddle_factor = 0.0;
        ^~~~~~~~~~~~~
../src/helloworld.c: In function 'main':
../src/helloworld.c:565:25: warning: unused variable 'stop' [-Wunused-variable]
     volatile uint32_t * stop;
                         ^~~~
../src/helloworld.c:564:25: warning: unused variable 'ptr' [-Wunused-variable]
     volatile uint32_t * ptr;
                         ^~~
../src/helloworld.c:563:23: warning: unused variable 'value1' [-Wunused-variable]
     volatile uint32_t value1;
                       ^~~~~~
../src/helloworld.c:562:23: warning: unused variable 'value' [-Wunused-variable]
     volatile uint32_t value;
                       ^~~~~
'Finished building: ../src/helloworld.c'
' '
'Building target: FINAL_hopefully.elf'
'Invoking: MicroBlaze gcc linker'
mb-gcc -Wl,-T -Wl,../src/lscript.ld -L../../FINAL_hopefully_bsp/microblaze_0/lib -mlittle-endian -mcpu=v11.0 -mxl-soft-mul -Wl,--no-relax -Wl,--gc-sections -o "FINAL_hopefully.elf"  ./src/helloworld.o ./src/platform.o   -Wl,--start-group,-lxil,-lgcc,-lc,--end-group
'Finished building target: FINAL_hopefully.elf'
' '
'Invoking: MicroBlaze Print Size'
mb-size FINAL_hopefully.elf  |tee "FINAL_hopefully.elf.size"
   text	   data	    bss	    dec	    hex	filename
  22716	    328	   3124	  26168	   6638	FINAL_hopefully.elf
'Finished building: FINAL_hopefully.elf.size'
' '
18:08:40 **** Auto Build of configuration Debug for project FINAL_hopefully ****
make all 
'Building file: ../src/helloworld.c'
'Invoking: MicroBlaze gcc compiler'
mb-gcc -Wall -O0 -g3 -c -fmessage-length=0 -MT"src/helloworld.o" -I../../FINAL_hopefully_bsp/microblaze_0/include -mlittle-endian -mcpu=v11.0 -mxl-soft-mul -Wl,--no-relax -ffunction-sections -fdata-sections -MMD -MP -MF"src/helloworld.d" -MT"src/helloworld.o" -o "src/helloworld.o" "../src/helloworld.c"
../src/helloworld.c: In function 'fourPointSearch':
../src/helloworld.c:386:8: warning: unused variable 'inv_fiddle_factor' [-Wunused-variable]
  float inv_fiddle_factor = 0.0;
        ^~~~~~~~~~~~~~~~~
../src/helloworld.c:385:8: warning: unused variable 'fiddle_factor' [-Wunused-variable]
  float fiddle_factor = 0.0;
        ^~~~~~~~~~~~~
../src/helloworld.c: In function 'main':
../src/helloworld.c:565:25: warning: unused variable 'stop' [-Wunused-variable]
     volatile uint32_t * stop;
                         ^~~~
../src/helloworld.c:564:25: warning: unused variable 'ptr' [-Wunused-variable]
     volatile uint32_t * ptr;
                         ^~~
../src/helloworld.c:563:23: warning: unused variable 'value1' [-Wunused-variable]
     volatile uint32_t value1;
                       ^~~~~~
../src/helloworld.c:562:23: warning: unused variable 'value' [-Wunused-variable]
     volatile uint32_t value;
                       ^~~~~
'Finished building: ../src/helloworld.c'
' '
'Building target: FINAL_hopefully.elf'
'Invoking: MicroBlaze gcc linker'
mb-gcc -Wl,-T -Wl,../src/lscript.ld -L../../FINAL_hopefully_bsp/microblaze_0/lib -mlittle-endian -mcpu=v11.0 -mxl-soft-mul -Wl,--no-relax -Wl,--gc-sections -o "FINAL_hopefully.elf"  ./src/helloworld.o ./src/platform.o   -Wl,--start-group,-lxil,-lgcc,-lc,--end-group
'Finished building target: FINAL_hopefully.elf'
' '
'Invoking: MicroBlaze Print Size'
mb-size FINAL_hopefully.elf  |tee "FINAL_hopefully.elf.size"
   text	   data	    bss	    dec	    hex	filename
  22716	    328	   3124	  26168	   6638	FINAL_hopefully.elf
'Finished building: FINAL_hopefully.elf.size'
' '
18:08:50 **** Auto Build of configuration Debug for project FINAL_hopefully ****
make all 
'Building file: ../src/helloworld.c'
'Invoking: MicroBlaze gcc compiler'
mb-gcc -Wall -O0 -g3 -c -fmessage-length=0 -MT"src/helloworld.o" -I../../FINAL_hopefully_bsp/microblaze_0/include -mlittle-endian -mcpu=v11.0 -mxl-soft-mul -Wl,--no-relax -ffunction-sections -fdata-sections -MMD -MP -MF"src/helloworld.d" -MT"src/helloworld.o" -o "src/helloworld.o" "../src/helloworld.c"
../src/helloworld.c: In function 'fourPointSearch':
../src/helloworld.c:386:8: warning: unused variable 'inv_fiddle_factor' [-Wunused-variable]
  float inv_fiddle_factor = 0.0;
        ^~~~~~~~~~~~~~~~~
../src/helloworld.c:385:8: warning: unused variable 'fiddle_factor' [-Wunused-variable]
  float fiddle_factor = 0.0;
        ^~~~~~~~~~~~~
../src/helloworld.c: In function 'main':
../src/helloworld.c:565:25: warning: unused variable 'stop' [-Wunused-variable]
     volatile uint32_t * stop;
                         ^~~~
../src/helloworld.c:564:25: warning: unused variable 'ptr' [-Wunused-variable]
     volatile uint32_t * ptr;
                         ^~~
../src/helloworld.c:563:23: warning: unused variable 'value1' [-Wunused-variable]
     volatile uint32_t value1;
                       ^~~~~~
../src/helloworld.c:562:23: warning: unused variable 'value' [-Wunused-variable]
     volatile uint32_t value;
                       ^~~~~
'Finished building: ../src/helloworld.c'
' '
'Building target: FINAL_hopefully.elf'
'Invoking: MicroBlaze gcc linker'
mb-gcc -Wl,-T -Wl,../src/lscript.ld -L../../FINAL_hopefully_bsp/microblaze_0/lib -mlittle-endian -mcpu=v11.0 -mxl-soft-mul -Wl,--no-relax -Wl,--gc-sections -o "FINAL_hopefully.elf"  ./src/helloworld.o ./src/platform.o   -Wl,--start-group,-lxil,-lgcc,-lc,--end-group
'Finished building target: FINAL_hopefully.elf'
' '
'Invoking: MicroBlaze Print Size'
mb-size FINAL_hopefully.elf  |tee "FINAL_hopefully.elf.size"
   text	   data	    bss	    dec	    hex	filename
  22732	    328	   3124	  26184	   6648	FINAL_hopefully.elf
'Finished building: FINAL_hopefully.elf.size'
' '
18:21:06 **** Auto Build of configuration Debug for project FINAL_hopefully ****
make all 
'Building file: ../src/helloworld.c'
'Invoking: MicroBlaze gcc compiler'
mb-gcc -Wall -O0 -g3 -c -fmessage-length=0 -MT"src/helloworld.o" -I../../FINAL_hopefully_bsp/microblaze_0/include -mlittle-endian -mcpu=v11.0 -mxl-soft-mul -Wl,--no-relax -ffunction-sections -fdata-sections -MMD -MP -MF"src/helloworld.d" -MT"src/helloworld.o" -o "src/helloworld.o" "../src/helloworld.c"
../src/helloworld.c: In function 'fourPointSearch':
../src/helloworld.c:386:8: warning: unused variable 'inv_fiddle_factor' [-Wunused-variable]
  float inv_fiddle_factor = 0.0;
        ^~~~~~~~~~~~~~~~~
../src/helloworld.c:385:8: warning: unused variable 'fiddle_factor' [-Wunused-variable]
  float fiddle_factor = 0.0;
        ^~~~~~~~~~~~~
../src/helloworld.c: In function 'main':
../src/helloworld.c:565:25: warning: unused variable 'stop' [-Wunused-variable]
     volatile uint32_t * stop;
                         ^~~~
../src/helloworld.c:564:25: warning: unused variable 'ptr' [-Wunused-variable]
     volatile uint32_t * ptr;
                         ^~~
../src/helloworld.c:563:23: warning: unused variable 'value1' [-Wunused-variable]
     volatile uint32_t value1;
                       ^~~~~~
../src/helloworld.c:562:23: warning: unused variable 'value' [-Wunused-variable]
     volatile uint32_t value;
                       ^~~~~
'Finished building: ../src/helloworld.c'
' '
'Building target: FINAL_hopefully.elf'
'Invoking: MicroBlaze gcc linker'
mb-gcc -Wl,-T -Wl,../src/lscript.ld -L../../FINAL_hopefully_bsp/microblaze_0/lib -mlittle-endian -mcpu=v11.0 -mxl-soft-mul -Wl,--no-relax -Wl,--gc-sections -o "FINAL_hopefully.elf"  ./src/helloworld.o ./src/platform.o   -Wl,--start-group,-lxil,-lgcc,-lc,--end-group
'Finished building target: FINAL_hopefully.elf'
' '
'Invoking: MicroBlaze Print Size'
mb-size FINAL_hopefully.elf  |tee "FINAL_hopefully.elf.size"
   text	   data	    bss	    dec	    hex	filename
  22748	    328	   3124	  26200	   6658	FINAL_hopefully.elf
'Finished building: FINAL_hopefully.elf.size'
' '
18:28:54 **** Auto Build of configuration Debug for project FINAL_hopefully ****
make all 
'Building file: ../src/helloworld.c'
'Invoking: MicroBlaze gcc compiler'
mb-gcc -Wall -O0 -g3 -c -fmessage-length=0 -MT"src/helloworld.o" -I../../FINAL_hopefully_bsp/microblaze_0/include -mlittle-endian -mcpu=v11.0 -mxl-soft-mul -Wl,--no-relax -ffunction-sections -fdata-sections -MMD -MP -MF"src/helloworld.d" -MT"src/helloworld.o" -o "src/helloworld.o" "../src/helloworld.c"
../src/helloworld.c: In function 'fourPointSearch':
../src/helloworld.c:386:8: warning: unused variable 'inv_fiddle_factor' [-Wunused-variable]
  float inv_fiddle_factor = 0.0;
        ^~~~~~~~~~~~~~~~~
../src/helloworld.c:385:8: warning: unused variable 'fiddle_factor' [-Wunused-variable]
  float fiddle_factor = 0.0;
        ^~~~~~~~~~~~~
../src/helloworld.c: In function 'main':
../src/helloworld.c:573:16: warning: unused variable 'gpioPtr' [-Wunused-variable]
     uint32_t * gpioPtr = (uint32_t *) 0x40040000;
                ^~~~~~~
../src/helloworld.c:565:25: warning: unused variable 'stop' [-Wunused-variable]
     volatile uint32_t * stop;
                         ^~~~
../src/helloworld.c:564:25: warning: unused variable 'ptr' [-Wunused-variable]
     volatile uint32_t * ptr;
                         ^~~
../src/helloworld.c:563:23: warning: unused variable 'value1' [-Wunused-variable]
     volatile uint32_t value1;
                       ^~~~~~
../src/helloworld.c:562:23: warning: unused variable 'value' [-Wunused-variable]
     volatile uint32_t value;
                       ^~~~~
'Finished building: ../src/helloworld.c'
' '
'Building target: FINAL_hopefully.elf'
'Invoking: MicroBlaze gcc linker'
mb-gcc -Wl,-T -Wl,../src/lscript.ld -L../../FINAL_hopefully_bsp/microblaze_0/lib -mlittle-endian -mcpu=v11.0 -mxl-soft-mul -Wl,--no-relax -Wl,--gc-sections -o "FINAL_hopefully.elf"  ./src/helloworld.o ./src/platform.o   -Wl,--start-group,-lxil,-lgcc,-lc,--end-group
'Finished building target: FINAL_hopefully.elf'
' '
'Invoking: MicroBlaze Print Size'
mb-size FINAL_hopefully.elf  |tee "FINAL_hopefully.elf.size"
   text	   data	    bss	    dec	    hex	filename
  22760	    328	   3120	  26208	   6660	FINAL_hopefully.elf
'Finished building: FINAL_hopefully.elf.size'
' '
18:30:44 **** Auto Build of configuration Debug for project FINAL_hopefully ****
make all 
'Building file: ../src/helloworld.c'
'Invoking: MicroBlaze gcc compiler'
mb-gcc -Wall -O0 -g3 -c -fmessage-length=0 -MT"src/helloworld.o" -I../../FINAL_hopefully_bsp/microblaze_0/include -mlittle-endian -mcpu=v11.0 -mxl-soft-mul -Wl,--no-relax -ffunction-sections -fdata-sections -MMD -MP -MF"src/helloworld.d" -MT"src/helloworld.o" -o "src/helloworld.o" "../src/helloworld.c"
../src/helloworld.c: In function 'fourPointSearch':
../src/helloworld.c:386:8: warning: unused variable 'inv_fiddle_factor' [-Wunused-variable]
  float inv_fiddle_factor = 0.0;
        ^~~~~~~~~~~~~~~~~
../src/helloworld.c:385:8: warning: unused variable 'fiddle_factor' [-Wunused-variable]
  float fiddle_factor = 0.0;
        ^~~~~~~~~~~~~
../src/helloworld.c: In function 'main':
../src/helloworld.c:565:25: warning: unused variable 'stop' [-Wunused-variable]
     volatile uint32_t * stop;
                         ^~~~
../src/helloworld.c:564:25: warning: unused variable 'ptr' [-Wunused-variable]
     volatile uint32_t * ptr;
                         ^~~
../src/helloworld.c:563:23: warning: unused variable 'value1' [-Wunused-variable]
     volatile uint32_t value1;
                       ^~~~~~
../src/helloworld.c:562:23: warning: unused variable 'value' [-Wunused-variable]
     volatile uint32_t value;
                       ^~~~~
'Finished building: ../src/helloworld.c'
' '
'Building target: FINAL_hopefully.elf'
'Invoking: MicroBlaze gcc linker'
mb-gcc -Wl,-T -Wl,../src/lscript.ld -L../../FINAL_hopefully_bsp/microblaze_0/lib -mlittle-endian -mcpu=v11.0 -mxl-soft-mul -Wl,--no-relax -Wl,--gc-sections -o "FINAL_hopefully.elf"  ./src/helloworld.o ./src/platform.o   -Wl,--start-group,-lxil,-lgcc,-lc,--end-group
'Finished building target: FINAL_hopefully.elf'
' '
'Invoking: MicroBlaze Print Size'
mb-size FINAL_hopefully.elf  |tee "FINAL_hopefully.elf.size"
   text	   data	    bss	    dec	    hex	filename
  22772	    328	   3124	  26224	   6670	FINAL_hopefully.elf
'Finished building: FINAL_hopefully.elf.size'
' '
18:30:49 **** Auto Build of configuration Debug for project FINAL_hopefully ****
make all 
'Building file: ../src/helloworld.c'
'Invoking: MicroBlaze gcc compiler'
mb-gcc -Wall -O0 -g3 -c -fmessage-length=0 -MT"src/helloworld.o" -I../../FINAL_hopefully_bsp/microblaze_0/include -mlittle-endian -mcpu=v11.0 -mxl-soft-mul -Wl,--no-relax -ffunction-sections -fdata-sections -MMD -MP -MF"src/helloworld.d" -MT"src/helloworld.o" -o "src/helloworld.o" "../src/helloworld.c"
../src/helloworld.c: In function 'fourPointSearch':
../src/helloworld.c:386:8: warning: unused variable 'inv_fiddle_factor' [-Wunused-variable]
  float inv_fiddle_factor = 0.0;
        ^~~~~~~~~~~~~~~~~
../src/helloworld.c:385:8: warning: unused variable 'fiddle_factor' [-Wunused-variable]
  float fiddle_factor = 0.0;
        ^~~~~~~~~~~~~
../src/helloworld.c: In function 'main':
../src/helloworld.c:565:25: warning: unused variable 'stop' [-Wunused-variable]
     volatile uint32_t * stop;
                         ^~~~
../src/helloworld.c:564:25: warning: unused variable 'ptr' [-Wunused-variable]
     volatile uint32_t * ptr;
                         ^~~
../src/helloworld.c:563:23: warning: unused variable 'value1' [-Wunused-variable]
     volatile uint32_t value1;
                       ^~~~~~
../src/helloworld.c:562:23: warning: unused variable 'value' [-Wunused-variable]
     volatile uint32_t value;
                       ^~~~~
'Finished building: ../src/helloworld.c'
' '
'Building target: FINAL_hopefully.elf'
'Invoking: MicroBlaze gcc linker'
mb-gcc -Wl,-T -Wl,../src/lscript.ld -L../../FINAL_hopefully_bsp/microblaze_0/lib -mlittle-endian -mcpu=v11.0 -mxl-soft-mul -Wl,--no-relax -Wl,--gc-sections -o "FINAL_hopefully.elf"  ./src/helloworld.o ./src/platform.o   -Wl,--start-group,-lxil,-lgcc,-lc,--end-group
'Finished building target: FINAL_hopefully.elf'
' '
'Invoking: MicroBlaze Print Size'
mb-size FINAL_hopefully.elf  |tee "FINAL_hopefully.elf.size"
   text	   data	    bss	    dec	    hex	filename
  22756	    328	   3124	  26208	   6660	FINAL_hopefully.elf
'Finished building: FINAL_hopefully.elf.size'
' '
18:40:17 **** Build of project accl_testbench_bsp ****
make -k all 
"Running Make include in microblaze_0/libsrc/bram_v4_2/src"
make -C microblaze_0/libsrc/bram_v4_2/src -s include  "SHELL=CMD" "COMPILER=mb-gcc" "ARCHIVER=mb-ar" "COMPILER_FLAGS=  -O2 -c -mcpu=v11.0 -mlittle-endian -mxl-soft-mul" "EXTRA_COMPILER_FLAGS=-ffunction-sections -fdata-sections -Wall -Wextra"
"Running Make include in microblaze_0/libsrc/cpu_v2_8/src"
make -C microblaze_0/libsrc/cpu_v2_8/src -s include  "SHELL=CMD" "COMPILER=mb-gcc" "ARCHIVER=mb-ar" "COMPILER_FLAGS=  -O2 -c -mcpu=v11.0 -mlittle-endian -mxl-soft-mul" "EXTRA_COMPILER_FLAGS=-ffunction-sections -fdata-sections -Wall -Wextra"
"Running Make include in microblaze_0/libsrc/gpio_v4_3/src"
make -C microblaze_0/libsrc/gpio_v4_3/src -s include  "SHELL=CMD" "COMPILER=mb-gcc" "ARCHIVER=mb-ar" "COMPILER_FLAGS=  -O2 -c -mcpu=v11.0 -mlittle-endian -mxl-soft-mul" "EXTRA_COMPILER_FLAGS=-ffunction-sections -fdata-sections -Wall -Wextra"
"Running Make include in microblaze_0/libsrc/intc_v3_8/src"
make -C microblaze_0/libsrc/intc_v3_8/src -s include  "SHELL=CMD" "COMPILER=mb-gcc" "ARCHIVER=mb-ar" "COMPILER_FLAGS=  -O2 -c -mcpu=v11.0 -mlittle-endian -mxl-soft-mul" "EXTRA_COMPILER_FLAGS=-ffunction-sections -fdata-sections -Wall -Wextra"
"Running Make include in microblaze_0/libsrc/PmodDHB1_v1_0/src"
make -C microblaze_0/libsrc/PmodDHB1_v1_0/src -s include  "SHELL=CMD" "COMPILER=mb-gcc" "ARCHIVER=mb-ar" "COMPILER_FLAGS=  -O2 -c -mcpu=v11.0 -mlittle-endian -mxl-soft-mul" "EXTRA_COMPILER_FLAGS=-ffunction-sections -fdata-sections -Wall -Wextra"
"Running Make include in microblaze_0/libsrc/standalone_v6_8/src"
make -C microblaze_0/libsrc/standalone_v6_8/src -s include  "SHELL=CMD" "COMPILER=mb-gcc" "ARCHIVER=mb-ar" "COMPILER_FLAGS=  -O2 -c -mcpu=v11.0 -mlittle-endian -mxl-soft-mul" "EXTRA_COMPILER_FLAGS=-ffunction-sections -fdata-sections -Wall -Wextra"
"Running Make include in microblaze_0/libsrc/uartlite_v3_2/src"
make -C microblaze_0/libsrc/uartlite_v3_2/src -s include  "SHELL=CMD" "COMPILER=mb-gcc" "ARCHIVER=mb-ar" "COMPILER_FLAGS=  -O2 -c -mcpu=v11.0 -mlittle-endian -mxl-soft-mul" "EXTRA_COMPILER_FLAGS=-ffunction-sections -fdata-sections -Wall -Wextra"
"Running Make libs in microblaze_0/libsrc/bram_v4_2/src"
make -C microblaze_0/libsrc/bram_v4_2/src -s libs  "SHELL=CMD" "COMPILER=mb-gcc" "ARCHIVER=mb-ar" "COMPILER_FLAGS=  -O2 -c -mcpu=v11.0 -mlittle-endian -mxl-soft-mul" "EXTRA_COMPILER_FLAGS=-ffunction-sections -fdata-sections -Wall -Wextra"
"Compiling bram"
mb-ar: creating ../../../lib/libxil.a
"Running Make libs in microblaze_0/libsrc/cpu_v2_8/src"
make -C microblaze_0/libsrc/cpu_v2_8/src -s libs  "SHELL=CMD" "COMPILER=mb-gcc" "ARCHIVER=mb-ar" "COMPILER_FLAGS=  -O2 -c -mcpu=v11.0 -mlittle-endian -mxl-soft-mul" "EXTRA_COMPILER_FLAGS=-ffunction-sections -fdata-sections -Wall -Wextra"
"Compiling cpu"
"Running Make libs in microblaze_0/libsrc/gpio_v4_3/src"
make -C microblaze_0/libsrc/gpio_v4_3/src -s libs  "SHELL=CMD" "COMPILER=mb-gcc" "ARCHIVER=mb-ar" "COMPILER_FLAGS=  -O2 -c -mcpu=v11.0 -mlittle-endian -mxl-soft-mul" "EXTRA_COMPILER_FLAGS=-ffunction-sections -fdata-sections -Wall -Wextra"
"Compiling gpio"
"Running Make libs in microblaze_0/libsrc/intc_v3_8/src"
make -C microblaze_0/libsrc/intc_v3_8/src -s libs  "SHELL=CMD" "COMPILER=mb-gcc" "ARCHIVER=mb-ar" "COMPILER_FLAGS=  -O2 -c -mcpu=v11.0 -mlittle-endian -mxl-soft-mul" "EXTRA_COMPILER_FLAGS=-ffunction-sections -fdata-sections -Wall -Wextra"
"Compiling intc"
"Running Make libs in microblaze_0/libsrc/PmodDHB1_v1_0/src"
make -C microblaze_0/libsrc/PmodDHB1_v1_0/src -s libs  "SHELL=CMD" "COMPILER=mb-gcc" "ARCHIVER=mb-ar" "COMPILER_FLAGS=  -O2 -c -mcpu=v11.0 -mlittle-endian -mxl-soft-mul" "EXTRA_COMPILER_FLAGS=-ffunction-sections -fdata-sections -Wall -Wextra"
"Compiling PmodDHB1..."
"Running Make libs in microblaze_0/libsrc/standalone_v6_8/src"
make -C microblaze_0/libsrc/standalone_v6_8/src -s libs  "SHELL=CMD" "COMPILER=mb-gcc" "ARCHIVER=mb-ar" "COMPILER_FLAGS=  -O2 -c -mcpu=v11.0 -mlittle-endian -mxl-soft-mul" "EXTRA_COMPILER_FLAGS=-ffunction-sections -fdata-sections -Wall -Wextra"
"Compiling standalone";
microblaze_sleep.c:77:9: note: #pragma message: For the sleep routines, assembly instructions are used
 #pragma message ("For the sleep routines, assembly instructions are used")
         ^~~~~~~
"Running Make libs in microblaze_0/libsrc/uartlite_v3_2/src"
make -C microblaze_0/libsrc/uartlite_v3_2/src -s libs  "SHELL=CMD" "COMPILER=mb-gcc" "ARCHIVER=mb-ar" "COMPILER_FLAGS=  -O2 -c -mcpu=v11.0 -mlittle-endian -mxl-soft-mul" "EXTRA_COMPILER_FLAGS=-ffunction-sections -fdata-sections -Wall -Wextra"
"Compiling uartlite"
'Finished building libraries'
18:40:23 **** Build of configuration Debug for project accl_testbench ****
make all 
'Building file: ../src/helloworld.c'
'Invoking: MicroBlaze gcc compiler'
mb-gcc -Wall -O0 -g3 -c -fmessage-length=0 -MT"src/helloworld.o" -I../../accl_testbench_bsp/microblaze_0/include -mlittle-endian -mcpu=v11.0 -mxl-soft-mul -Wl,--no-relax -ffunction-sections -fdata-sections -MMD -MP -MF"src/helloworld.d" -MT"src/helloworld.o" -o "src/helloworld.o" "../src/helloworld.c"
'Finished building: ../src/helloworld.c'
' '
'Building file: ../src/platform.c'
'Invoking: MicroBlaze gcc compiler'
mb-gcc -Wall -O0 -g3 -c -fmessage-length=0 -MT"src/platform.o" -I../../accl_testbench_bsp/microblaze_0/include -mlittle-endian -mcpu=v11.0 -mxl-soft-mul -Wl,--no-relax -ffunction-sections -fdata-sections -MMD -MP -MF"src/platform.d" -MT"src/platform.o" -o "src/platform.o" "../src/platform.c"
'Finished building: ../src/platform.c'
' '
'Building target: accl_testbench.elf'
'Invoking: MicroBlaze gcc linker'
mb-gcc -Wl,-T -Wl,../src/lscript.ld -L../../accl_testbench_bsp/microblaze_0/lib -mlittle-endian -mcpu=v11.0 -mxl-soft-mul -Wl,--no-relax -Wl,--gc-sections -o "accl_testbench.elf"  ./src/helloworld.o ./src/platform.o   -Wl,--start-group,-lxil,-lgcc,-lc,--end-group
'Finished building target: accl_testbench.elf'
' '
'Invoking: MicroBlaze Print Size'
mb-size accl_testbench.elf  |tee "accl_testbench.elf.size"
   text	   data	    bss	    dec	    hex	filename
   3132	    312	   3108	   6552	   1998	accl_testbench.elf
'Finished building: accl_testbench.elf.size'
' '
18:40:30 **** Auto Build of configuration Debug for project accl_testbench ****
make all 
'Building file: ../src/helloworld.c'
'Invoking: MicroBlaze gcc compiler'
mb-gcc -Wall -O0 -g3 -c -fmessage-length=0 -MT"src/helloworld.o" -I../../accl_testbench_bsp/microblaze_0/include -mlittle-endian -mcpu=v11.0 -mxl-soft-mul -Wl,--no-relax -ffunction-sections -fdata-sections -MMD -MP -MF"src/helloworld.d" -MT"src/helloworld.o" -o "src/helloworld.o" "../src/helloworld.c"
../src/helloworld.c: In function 'fourPointSearch':
../src/helloworld.c:361:8: warning: unused variable 'inv_fiddle_factor' [-Wunused-variable]
  float inv_fiddle_factor = 0.0;
        ^~~~~~~~~~~~~~~~~
../src/helloworld.c:360:8: warning: unused variable 'fiddle_factor' [-Wunused-variable]
  float fiddle_factor = 0.0;
        ^~~~~~~~~~~~~
../src/helloworld.c: In function 'drive_forward_acc':
../src/helloworld.c:538:35: warning: pointer targets in initialization differ in signedness [-Wpointer-sign]
  volatile int32_t * distancePtr = (uint32_t *)(ULTRASONIC_BASEADDR);
                                   ^
../src/helloworld.c:539:31: warning: pointer targets in initialization differ in signedness [-Wpointer-sign]
  volatile int32_t * acclPtr = (uint32_t *) (ACCL_BASEADDR);
                               ^
../src/helloworld.c:570:40: warning: passing argument 2 of 'PIController' from incompatible pointer type [-Wincompatible-pointer-types]
   deltaSpeed = PIController( PI_error, &PI_integral);
                                        ^
../src/helloworld.c:515:8: note: expected 'double *' but argument is of type 'float *'
 double PIController(double error, double *integral){
        ^~~~~~~~~~~~
../src/helloworld.c: In function 'drive_back_acc':
../src/helloworld.c:605:35: warning: pointer targets in initialization differ in signedness [-Wpointer-sign]
  volatile int32_t * distancePtr = (uint32_t *)(ULTRASONIC_BASEADDR);
                                   ^
../src/helloworld.c:606:31: warning: pointer targets in initialization differ in signedness [-Wpointer-sign]
  volatile int32_t * acclPtr = (uint32_t *) (ACCL_BASEADDR);
                               ^
../src/helloworld.c: In function 'turn_acc':
../src/helloworld.c:667:35: warning: pointer targets in initialization differ in signedness [-Wpointer-sign]
  volatile int32_t * distancePtr = (uint32_t *)(ULTRASONIC_BASEADDR);
                                   ^
../src/helloworld.c:668:31: warning: pointer targets in initialization differ in signedness [-Wpointer-sign]
  volatile int32_t * acclPtr = (uint32_t *) (ACCL_BASEADDR);
                               ^
../src/helloworld.c: In function 'main':
../src/helloworld.c:720:25: warning: unused variable 'stop' [-Wunused-variable]
     volatile uint32_t * stop;
                         ^~~~
../src/helloworld.c:719:25: warning: unused variable 'ptr' [-Wunused-variable]
     volatile uint32_t * ptr;
                         ^~~
../src/helloworld.c:718:23: warning: unused variable 'value1' [-Wunused-variable]
     volatile uint32_t value1;
                       ^~~~~~
../src/helloworld.c:717:23: warning: unused variable 'value' [-Wunused-variable]
     volatile uint32_t value;
                       ^~~~~
'Finished building: ../src/helloworld.c'
' '
'Building target: accl_testbench.elf'
'Invoking: MicroBlaze gcc linker'
mb-gcc -Wl,-T -Wl,../src/lscript.ld -L../../accl_testbench_bsp/microblaze_0/lib -mlittle-endian -mcpu=v11.0 -mxl-soft-mul -Wl,--no-relax -Wl,--gc-sections -o "accl_testbench.elf"  ./src/helloworld.o ./src/platform.o   -Wl,--start-group,-lxil,-lgcc,-lc,--end-group
'Finished building target: accl_testbench.elf'
' '
'Invoking: MicroBlaze Print Size'
mb-size accl_testbench.elf  |tee "accl_testbench.elf.size"
   text	   data	    bss	    dec	    hex	filename
  23212	    324	   3128	  26664	   6828	accl_testbench.elf
'Finished building: accl_testbench.elf.size'
' '
18:42:41 **** Auto Build of configuration Debug for project accl_testbench ****
make all 
'Building file: ../src/helloworld.c'
'Invoking: MicroBlaze gcc compiler'
mb-gcc -Wall -O0 -g3 -c -fmessage-length=0 -MT"src/helloworld.o" -I../../accl_testbench_bsp/microblaze_0/include -mlittle-endian -mcpu=v11.0 -mxl-soft-mul -Wl,--no-relax -ffunction-sections -fdata-sections -MMD -MP -MF"src/helloworld.d" -MT"src/helloworld.o" -o "src/helloworld.o" "../src/helloworld.c"
../src/helloworld.c: In function 'fourPointSearch':
../src/helloworld.c:361:8: warning: unused variable 'inv_fiddle_factor' [-Wunused-variable]
  float inv_fiddle_factor = 0.0;
        ^~~~~~~~~~~~~~~~~
../src/helloworld.c:360:8: warning: unused variable 'fiddle_factor' [-Wunused-variable]
  float fiddle_factor = 0.0;
        ^~~~~~~~~~~~~
../src/helloworld.c: In function 'drive_forward_acc':
../src/helloworld.c:538:35: warning: pointer targets in initialization differ in signedness [-Wpointer-sign]
  volatile int32_t * distancePtr = (uint32_t *)(ULTRASONIC_BASEADDR);
                                   ^
../src/helloworld.c:539:31: warning: pointer targets in initialization differ in signedness [-Wpointer-sign]
  volatile int32_t * acclPtr = (uint32_t *) (ACCL_BASEADDR);
                               ^
../src/helloworld.c:570:40: warning: passing argument 2 of 'PIController' from incompatible pointer type [-Wincompatible-pointer-types]
   deltaSpeed = PIController( PI_error, &PI_integral);
                                        ^
../src/helloworld.c:515:8: note: expected 'double *' but argument is of type 'float *'
 double PIController(double error, double *integral){
        ^~~~~~~~~~~~
../src/helloworld.c: In function 'drive_back_acc':
../src/helloworld.c:605:35: warning: pointer targets in initialization differ in signedness [-Wpointer-sign]
  volatile int32_t * distancePtr = (uint32_t *)(ULTRASONIC_BASEADDR);
                                   ^
../src/helloworld.c:606:31: warning: pointer targets in initialization differ in signedness [-Wpointer-sign]
  volatile int32_t * acclPtr = (uint32_t *) (ACCL_BASEADDR);
                               ^
../src/helloworld.c: In function 'main':
../src/helloworld.c:720:25: warning: unused variable 'stop' [-Wunused-variable]
     volatile uint32_t * stop;
                         ^~~~
../src/helloworld.c:719:25: warning: unused variable 'ptr' [-Wunused-variable]
     volatile uint32_t * ptr;
                         ^~~
../src/helloworld.c:718:23: warning: unused variable 'value1' [-Wunused-variable]
     volatile uint32_t value1;
                       ^~~~~~
../src/helloworld.c:717:23: warning: unused variable 'value' [-Wunused-variable]
     volatile uint32_t value;
                       ^~~~~
'Finished building: ../src/helloworld.c'
' '
'Building target: accl_testbench.elf'
'Invoking: MicroBlaze gcc linker'
mb-gcc -Wl,-T -Wl,../src/lscript.ld -L../../accl_testbench_bsp/microblaze_0/lib -mlittle-endian -mcpu=v11.0 -mxl-soft-mul -Wl,--no-relax -Wl,--gc-sections -o "accl_testbench.elf"  ./src/helloworld.o ./src/platform.o   -Wl,--start-group,-lxil,-lgcc,-lc,--end-group
'Finished building target: accl_testbench.elf'
' '
'Invoking: MicroBlaze Print Size'
mb-size accl_testbench.elf  |tee "accl_testbench.elf.size"
   text	   data	    bss	    dec	    hex	filename
  23212	    324	   3128	  26664	   6828	accl_testbench.elf
'Finished building: accl_testbench.elf.size'
' '
18:46:50 **** Auto Build of configuration Debug for project accl_testbench ****
make all 
'Building file: ../src/helloworld.c'
'Invoking: MicroBlaze gcc compiler'
mb-gcc -Wall -O0 -g3 -c -fmessage-length=0 -MT"src/helloworld.o" -I../../accl_testbench_bsp/microblaze_0/include -mlittle-endian -mcpu=v11.0 -mxl-soft-mul -Wl,--no-relax -ffunction-sections -fdata-sections -MMD -MP -MF"src/helloworld.d" -MT"src/helloworld.o" -o "src/helloworld.o" "../src/helloworld.c"
../src/helloworld.c: In function 'fourPointSearch':
../src/helloworld.c:361:8: warning: unused variable 'inv_fiddle_factor' [-Wunused-variable]
  float inv_fiddle_factor = 0.0;
        ^~~~~~~~~~~~~~~~~
../src/helloworld.c:360:8: warning: unused variable 'fiddle_factor' [-Wunused-variable]
  float fiddle_factor = 0.0;
        ^~~~~~~~~~~~~
../src/helloworld.c: In function 'drive_forward_acc':
../src/helloworld.c:538:35: warning: pointer targets in initialization differ in signedness [-Wpointer-sign]
  volatile int32_t * distancePtr = (uint32_t *)(ULTRASONIC_BASEADDR);
                                   ^
../src/helloworld.c:539:31: warning: pointer targets in initialization differ in signedness [-Wpointer-sign]
  volatile int32_t * acclPtr = (uint32_t *) (ACCL_BASEADDR);
                               ^
../src/helloworld.c:570:40: warning: passing argument 2 of 'PIController' from incompatible pointer type [-Wincompatible-pointer-types]
   deltaSpeed = PIController( PI_error, &PI_integral);
                                        ^
../src/helloworld.c:515:8: note: expected 'double *' but argument is of type 'float *'
 double PIController(double error, double *integral){
        ^~~~~~~~~~~~
../src/helloworld.c: In function 'drive_back_acc':
../src/helloworld.c:605:35: warning: pointer targets in initialization differ in signedness [-Wpointer-sign]
  volatile int32_t * distancePtr = (uint32_t *)(ULTRASONIC_BASEADDR);
                                   ^
../src/helloworld.c:606:31: warning: pointer targets in initialization differ in signedness [-Wpointer-sign]
  volatile int32_t * acclPtr = (uint32_t *) (ACCL_BASEADDR);
                               ^
../src/helloworld.c: In function 'main':
../src/helloworld.c:720:25: warning: unused variable 'stop' [-Wunused-variable]
     volatile uint32_t * stop;
                         ^~~~
../src/helloworld.c:719:25: warning: unused variable 'ptr' [-Wunused-variable]
     volatile uint32_t * ptr;
                         ^~~
../src/helloworld.c:718:23: warning: unused variable 'value1' [-Wunused-variable]
     volatile uint32_t value1;
                       ^~~~~~
../src/helloworld.c:717:23: warning: unused variable 'value' [-Wunused-variable]
     volatile uint32_t value;
                       ^~~~~
'Finished building: ../src/helloworld.c'
' '
'Building target: accl_testbench.elf'
'Invoking: MicroBlaze gcc linker'
mb-gcc -Wl,-T -Wl,../src/lscript.ld -L../../accl_testbench_bsp/microblaze_0/lib -mlittle-endian -mcpu=v11.0 -mxl-soft-mul -Wl,--no-relax -Wl,--gc-sections -o "accl_testbench.elf"  ./src/helloworld.o ./src/platform.o   -Wl,--start-group,-lxil,-lgcc,-lc,--end-group
'Finished building target: accl_testbench.elf'
' '
'Invoking: MicroBlaze Print Size'
mb-size accl_testbench.elf  |tee "accl_testbench.elf.size"
   text	   data	    bss	    dec	    hex	filename
  23212	    324	   3128	  26664	   6828	accl_testbench.elf
'Finished building: accl_testbench.elf.size'
' '
18:48:50 **** Auto Build of configuration Debug for project accl_testbench ****
make all 
'Building file: ../src/helloworld.c'
'Invoking: MicroBlaze gcc compiler'
mb-gcc -Wall -O0 -g3 -c -fmessage-length=0 -MT"src/helloworld.o" -I../../accl_testbench_bsp/microblaze_0/include -mlittle-endian -mcpu=v11.0 -mxl-soft-mul -Wl,--no-relax -ffunction-sections -fdata-sections -MMD -MP -MF"src/helloworld.d" -MT"src/helloworld.o" -o "src/helloworld.o" "../src/helloworld.c"
../src/helloworld.c: In function 'fourPointSearch':
../src/helloworld.c:361:8: warning: unused variable 'inv_fiddle_factor' [-Wunused-variable]
  float inv_fiddle_factor = 0.0;
        ^~~~~~~~~~~~~~~~~
../src/helloworld.c:360:8: warning: unused variable 'fiddle_factor' [-Wunused-variable]
  float fiddle_factor = 0.0;
        ^~~~~~~~~~~~~
../src/helloworld.c: In function 'drive_forward_acc':
../src/helloworld.c:538:35: warning: pointer targets in initialization differ in signedness [-Wpointer-sign]
  volatile int32_t * distancePtr = (uint32_t *)(ULTRASONIC_BASEADDR);
                                   ^
../src/helloworld.c:539:31: warning: pointer targets in initialization differ in signedness [-Wpointer-sign]
  volatile int32_t * acclPtr = (uint32_t *) (ACCL_BASEADDR);
                               ^
../src/helloworld.c: In function 'drive_back_acc':
../src/helloworld.c:605:35: warning: pointer targets in initialization differ in signedness [-Wpointer-sign]
  volatile int32_t * distancePtr = (uint32_t *)(ULTRASONIC_BASEADDR);
                                   ^
../src/helloworld.c:606:31: warning: pointer targets in initialization differ in signedness [-Wpointer-sign]
  volatile int32_t * acclPtr = (uint32_t *) (ACCL_BASEADDR);
                               ^
../src/helloworld.c: In function 'main':
../src/helloworld.c:720:25: warning: unused variable 'stop' [-Wunused-variable]
     volatile uint32_t * stop;
                         ^~~~
../src/helloworld.c:719:25: warning: unused variable 'ptr' [-Wunused-variable]
     volatile uint32_t * ptr;
                         ^~~
../src/helloworld.c:718:23: warning: unused variable 'value1' [-Wunused-variable]
     volatile uint32_t value1;
                       ^~~~~~
../src/helloworld.c:717:23: warning: unused variable 'value' [-Wunused-variable]
     volatile uint32_t value;
                       ^~~~~
'Finished building: ../src/helloworld.c'
' '
'Building target: accl_testbench.elf'
'Invoking: MicroBlaze gcc linker'
mb-gcc -Wl,-T -Wl,../src/lscript.ld -L../../accl_testbench_bsp/microblaze_0/lib -mlittle-endian -mcpu=v11.0 -mxl-soft-mul -Wl,--no-relax -Wl,--gc-sections -o "accl_testbench.elf"  ./src/helloworld.o ./src/platform.o   -Wl,--start-group,-lxil,-lgcc,-lc,--end-group
'Finished building target: accl_testbench.elf'
' '
'Invoking: MicroBlaze Print Size'
mb-size accl_testbench.elf  |tee "accl_testbench.elf.size"
   text	   data	    bss	    dec	    hex	filename
  24052	    324	   3128	  27504	   6b70	accl_testbench.elf
'Finished building: accl_testbench.elf.size'
' '
18:48:55 **** Auto Build of configuration Debug for project accl_testbench ****
make all 
'Building file: ../src/helloworld.c'
'Invoking: MicroBlaze gcc compiler'
mb-gcc -Wall -O0 -g3 -c -fmessage-length=0 -MT"src/helloworld.o" -I../../accl_testbench_bsp/microblaze_0/include -mlittle-endian -mcpu=v11.0 -mxl-soft-mul -Wl,--no-relax -ffunction-sections -fdata-sections -MMD -MP -MF"src/helloworld.d" -MT"src/helloworld.o" -o "src/helloworld.o" "../src/helloworld.c"
../src/helloworld.c: In function 'fourPointSearch':
../src/helloworld.c:361:8: warning: unused variable 'inv_fiddle_factor' [-Wunused-variable]
  float inv_fiddle_factor = 0.0;
        ^~~~~~~~~~~~~~~~~
../src/helloworld.c:360:8: warning: unused variable 'fiddle_factor' [-Wunused-variable]
  float fiddle_factor = 0.0;
        ^~~~~~~~~~~~~
../src/helloworld.c: In function 'drive_back_acc':
../src/helloworld.c:605:35: warning: pointer targets in initialization differ in signedness [-Wpointer-sign]
  volatile int32_t * distancePtr = (uint32_t *)(ULTRASONIC_BASEADDR);
                                   ^
../src/helloworld.c:606:31: warning: pointer targets in initialization differ in signedness [-Wpointer-sign]
  volatile int32_t * acclPtr = (uint32_t *) (ACCL_BASEADDR);
                               ^
../src/helloworld.c: In function 'main':
../src/helloworld.c:720:25: warning: unused variable 'stop' [-Wunused-variable]
     volatile uint32_t * stop;
                         ^~~~
../src/helloworld.c:719:25: warning: unused variable 'ptr' [-Wunused-variable]
     volatile uint32_t * ptr;
                         ^~~
../src/helloworld.c:718:23: warning: unused variable 'value1' [-Wunused-variable]
     volatile uint32_t value1;
                       ^~~~~~
../src/helloworld.c:717:23: warning: unused variable 'value' [-Wunused-variable]
     volatile uint32_t value;
                       ^~~~~
'Finished building: ../src/helloworld.c'
' '
'Building target: accl_testbench.elf'
'Invoking: MicroBlaze gcc linker'
mb-gcc -Wl,-T -Wl,../src/lscript.ld -L../../accl_testbench_bsp/microblaze_0/lib -mlittle-endian -mcpu=v11.0 -mxl-soft-mul -Wl,--no-relax -Wl,--gc-sections -o "accl_testbench.elf"  ./src/helloworld.o ./src/platform.o   -Wl,--start-group,-lxil,-lgcc,-lc,--end-group
'Finished building target: accl_testbench.elf'
' '
'Invoking: MicroBlaze Print Size'
mb-size accl_testbench.elf  |tee "accl_testbench.elf.size"
   text	   data	    bss	    dec	    hex	filename
  23712	    324	   3124	  27160	   6a18	accl_testbench.elf
'Finished building: accl_testbench.elf.size'
' '
18:49:28 **** Auto Build of configuration Debug for project accl_testbench ****
make all 
'Building file: ../src/helloworld.c'
'Invoking: MicroBlaze gcc compiler'
mb-gcc -Wall -O0 -g3 -c -fmessage-length=0 -MT"src/helloworld.o" -I../../accl_testbench_bsp/microblaze_0/include -mlittle-endian -mcpu=v11.0 -mxl-soft-mul -Wl,--no-relax -ffunction-sections -fdata-sections -MMD -MP -MF"src/helloworld.d" -MT"src/helloworld.o" -o "src/helloworld.o" "../src/helloworld.c"
../src/helloworld.c: In function 'fourPointSearch':
../src/helloworld.c:361:8: warning: unused variable 'inv_fiddle_factor' [-Wunused-variable]
  float inv_fiddle_factor = 0.0;
        ^~~~~~~~~~~~~~~~~
../src/helloworld.c:360:8: warning: unused variable 'fiddle_factor' [-Wunused-variable]
  float fiddle_factor = 0.0;
        ^~~~~~~~~~~~~
../src/helloworld.c: In function 'drive_back_acc':
../src/helloworld.c:606:35: warning: pointer targets in initialization differ in signedness [-Wpointer-sign]
  volatile int32_t * distancePtr = (uint32_t *)(ULTRASONIC_BASEADDR);
                                   ^
../src/helloworld.c:607:31: warning: pointer targets in initialization differ in signedness [-Wpointer-sign]
  volatile int32_t * acclPtr = (uint32_t *) (ACCL_BASEADDR);
                               ^
../src/helloworld.c: In function 'main':
../src/helloworld.c:721:25: warning: unused variable 'stop' [-Wunused-variable]
     volatile uint32_t * stop;
                         ^~~~
../src/helloworld.c:720:25: warning: unused variable 'ptr' [-Wunused-variable]
     volatile uint32_t * ptr;
                         ^~~
../src/helloworld.c:719:23: warning: unused variable 'value1' [-Wunused-variable]
     volatile uint32_t value1;
                       ^~~~~~
../src/helloworld.c:718:23: warning: unused variable 'value' [-Wunused-variable]
     volatile uint32_t value;
                       ^~~~~
'Finished building: ../src/helloworld.c'
' '
'Building target: accl_testbench.elf'
'Invoking: MicroBlaze gcc linker'
mb-gcc -Wl,-T -Wl,../src/lscript.ld -L../../accl_testbench_bsp/microblaze_0/lib -mlittle-endian -mcpu=v11.0 -mxl-soft-mul -Wl,--no-relax -Wl,--gc-sections -o "accl_testbench.elf"  ./src/helloworld.o ./src/platform.o   -Wl,--start-group,-lxil,-lgcc,-lc,--end-group
'Finished building target: accl_testbench.elf'
' '
'Invoking: MicroBlaze Print Size'
mb-size accl_testbench.elf  |tee "accl_testbench.elf.size"
   text	   data	    bss	    dec	    hex	filename
  24012	    324	   3128	  27464	   6b48	accl_testbench.elf
'Finished building: accl_testbench.elf.size'
' '
18:55:05 **** Auto Build of configuration Debug for project accl_testbench ****
make all 
'Building file: ../src/helloworld.c'
'Invoking: MicroBlaze gcc compiler'
mb-gcc -Wall -O0 -g3 -c -fmessage-length=0 -MT"src/helloworld.o" -I../../accl_testbench_bsp/microblaze_0/include -mlittle-endian -mcpu=v11.0 -mxl-soft-mul -Wl,--no-relax -ffunction-sections -fdata-sections -MMD -MP -MF"src/helloworld.d" -MT"src/helloworld.o" -o "src/helloworld.o" "../src/helloworld.c"
../src/helloworld.c: In function 'fourPointSearch':
../src/helloworld.c:361:8: warning: unused variable 'inv_fiddle_factor' [-Wunused-variable]
  float inv_fiddle_factor = 0.0;
        ^~~~~~~~~~~~~~~~~
../src/helloworld.c:360:8: warning: unused variable 'fiddle_factor' [-Wunused-variable]
  float fiddle_factor = 0.0;
        ^~~~~~~~~~~~~
../src/helloworld.c: In function 'drive_back_acc':
../src/helloworld.c:606:35: warning: pointer targets in initialization differ in signedness [-Wpointer-sign]
  volatile int32_t * distancePtr = (uint32_t *)(ULTRASONIC_BASEADDR);
                                   ^
../src/helloworld.c:607:31: warning: pointer targets in initialization differ in signedness [-Wpointer-sign]
  volatile int32_t * acclPtr = (uint32_t *) (ACCL_BASEADDR);
                               ^
../src/helloworld.c: In function 'main':
../src/helloworld.c:721:25: warning: unused variable 'stop' [-Wunused-variable]
     volatile uint32_t * stop;
                         ^~~~
../src/helloworld.c:720:25: warning: unused variable 'ptr' [-Wunused-variable]
     volatile uint32_t * ptr;
                         ^~~
../src/helloworld.c:719:23: warning: unused variable 'value1' [-Wunused-variable]
     volatile uint32_t value1;
                       ^~~~~~
../src/helloworld.c:718:23: warning: unused variable 'value' [-Wunused-variable]
     volatile uint32_t value;
                       ^~~~~
'Finished building: ../src/helloworld.c'
' '
'Building target: accl_testbench.elf'
'Invoking: MicroBlaze gcc linker'
mb-gcc -Wl,-T -Wl,../src/lscript.ld -L../../accl_testbench_bsp/microblaze_0/lib -mlittle-endian -mcpu=v11.0 -mxl-soft-mul -Wl,--no-relax -Wl,--gc-sections -o "accl_testbench.elf"  ./src/helloworld.o ./src/platform.o   -Wl,--start-group,-lxil,-lgcc,-lc,--end-group
'Finished building target: accl_testbench.elf'
' '
'Invoking: MicroBlaze Print Size'
mb-size accl_testbench.elf  |tee "accl_testbench.elf.size"
   text	   data	    bss	    dec	    hex	filename
  24004	    324	   3128	  27456	   6b40	accl_testbench.elf
'Finished building: accl_testbench.elf.size'
' '
18:55:16 **** Auto Build of configuration Debug for project accl_testbench ****
make all 
'Building file: ../src/helloworld.c'
'Invoking: MicroBlaze gcc compiler'
mb-gcc -Wall -O0 -g3 -c -fmessage-length=0 -MT"src/helloworld.o" -I../../accl_testbench_bsp/microblaze_0/include -mlittle-endian -mcpu=v11.0 -mxl-soft-mul -Wl,--no-relax -ffunction-sections -fdata-sections -MMD -MP -MF"src/helloworld.d" -MT"src/helloworld.o" -o "src/helloworld.o" "../src/helloworld.c"
../src/helloworld.c: In function 'fourPointSearch':
../src/helloworld.c:361:8: warning: unused variable 'inv_fiddle_factor' [-Wunused-variable]
  float inv_fiddle_factor = 0.0;
        ^~~~~~~~~~~~~~~~~
../src/helloworld.c:360:8: warning: unused variable 'fiddle_factor' [-Wunused-variable]
  float fiddle_factor = 0.0;
        ^~~~~~~~~~~~~
../src/helloworld.c: In function 'drive_back_acc':
../src/helloworld.c:606:35: warning: pointer targets in initialization differ in signedness [-Wpointer-sign]
  volatile int32_t * distancePtr = (uint32_t *)(ULTRASONIC_BASEADDR);
                                   ^
../src/helloworld.c:607:31: warning: pointer targets in initialization differ in signedness [-Wpointer-sign]
  volatile int32_t * acclPtr = (uint32_t *) (ACCL_BASEADDR);
                               ^
../src/helloworld.c: In function 'main':
../src/helloworld.c:721:25: warning: unused variable 'stop' [-Wunused-variable]
     volatile uint32_t * stop;
                         ^~~~
../src/helloworld.c:720:25: warning: unused variable 'ptr' [-Wunused-variable]
     volatile uint32_t * ptr;
                         ^~~
../src/helloworld.c:719:23: warning: unused variable 'value1' [-Wunused-variable]
     volatile uint32_t value1;
                       ^~~~~~
../src/helloworld.c:718:23: warning: unused variable 'value' [-Wunused-variable]
     volatile uint32_t value;
                       ^~~~~
'Finished building: ../src/helloworld.c'
' '
'Building target: accl_testbench.elf'
'Invoking: MicroBlaze gcc linker'
mb-gcc -Wl,-T -Wl,../src/lscript.ld -L../../accl_testbench_bsp/microblaze_0/lib -mlittle-endian -mcpu=v11.0 -mxl-soft-mul -Wl,--no-relax -Wl,--gc-sections -o "accl_testbench.elf"  ./src/helloworld.o ./src/platform.o   -Wl,--start-group,-lxil,-lgcc,-lc,--end-group
'Finished building target: accl_testbench.elf'
' '
'Invoking: MicroBlaze Print Size'
mb-size accl_testbench.elf  |tee "accl_testbench.elf.size"
   text	   data	    bss	    dec	    hex	filename
  23996	    324	   3128	  27448	   6b38	accl_testbench.elf
'Finished building: accl_testbench.elf.size'
' '
18:59:37 **** Auto Build of configuration Debug for project accl_testbench ****
make all 
'Building file: ../src/helloworld.c'
'Invoking: MicroBlaze gcc compiler'
mb-gcc -Wall -O0 -g3 -c -fmessage-length=0 -MT"src/helloworld.o" -I../../accl_testbench_bsp/microblaze_0/include -mlittle-endian -mcpu=v11.0 -mxl-soft-mul -Wl,--no-relax -ffunction-sections -fdata-sections -MMD -MP -MF"src/helloworld.d" -MT"src/helloworld.o" -o "src/helloworld.o" "../src/helloworld.c"
../src/helloworld.c: In function 'fourPointSearch':
../src/helloworld.c:361:8: warning: unused variable 'inv_fiddle_factor' [-Wunused-variable]
  float inv_fiddle_factor = 0.0;
        ^~~~~~~~~~~~~~~~~
../src/helloworld.c:360:8: warning: unused variable 'fiddle_factor' [-Wunused-variable]
  float fiddle_factor = 0.0;
        ^~~~~~~~~~~~~
../src/helloworld.c: In function 'drive_back_acc':
../src/helloworld.c:606:35: warning: pointer targets in initialization differ in signedness [-Wpointer-sign]
  volatile int32_t * distancePtr = (uint32_t *)(ULTRASONIC_BASEADDR);
                                   ^
../src/helloworld.c:607:31: warning: pointer targets in initialization differ in signedness [-Wpointer-sign]
  volatile int32_t * acclPtr = (uint32_t *) (ACCL_BASEADDR);
                               ^
../src/helloworld.c: In function 'main':
../src/helloworld.c:721:25: warning: unused variable 'stop' [-Wunused-variable]
     volatile uint32_t * stop;
                         ^~~~
../src/helloworld.c:720:25: warning: unused variable 'ptr' [-Wunused-variable]
     volatile uint32_t * ptr;
                         ^~~
../src/helloworld.c:719:23: warning: unused variable 'value1' [-Wunused-variable]
     volatile uint32_t value1;
                       ^~~~~~
../src/helloworld.c:718:23: warning: unused variable 'value' [-Wunused-variable]
     volatile uint32_t value;
                       ^~~~~
'Finished building: ../src/helloworld.c'
' '
'Building target: accl_testbench.elf'
'Invoking: MicroBlaze gcc linker'
mb-gcc -Wl,-T -Wl,../src/lscript.ld -L../../accl_testbench_bsp/microblaze_0/lib -mlittle-endian -mcpu=v11.0 -mxl-soft-mul -Wl,--no-relax -Wl,--gc-sections -o "accl_testbench.elf"  ./src/helloworld.o ./src/platform.o   -Wl,--start-group,-lxil,-lgcc,-lc,--end-group
'Finished building target: accl_testbench.elf'
' '
'Invoking: MicroBlaze Print Size'
mb-size accl_testbench.elf  |tee "accl_testbench.elf.size"
   text	   data	    bss	    dec	    hex	filename
  23988	    324	   3128	  27440	   6b30	accl_testbench.elf
'Finished building: accl_testbench.elf.size'
' '
19:02:17 **** Auto Build of configuration Debug for project accl_testbench ****
make all 
'Building file: ../src/helloworld.c'
'Invoking: MicroBlaze gcc compiler'
mb-gcc -Wall -O0 -g3 -c -fmessage-length=0 -MT"src/helloworld.o" -I../../accl_testbench_bsp/microblaze_0/include -mlittle-endian -mcpu=v11.0 -mxl-soft-mul -Wl,--no-relax -ffunction-sections -fdata-sections -MMD -MP -MF"src/helloworld.d" -MT"src/helloworld.o" -o "src/helloworld.o" "../src/helloworld.c"
../src/helloworld.c: In function 'fourPointSearch':
../src/helloworld.c:361:8: warning: unused variable 'inv_fiddle_factor' [-Wunused-variable]
  float inv_fiddle_factor = 0.0;
        ^~~~~~~~~~~~~~~~~
../src/helloworld.c:360:8: warning: unused variable 'fiddle_factor' [-Wunused-variable]
  float fiddle_factor = 0.0;
        ^~~~~~~~~~~~~
../src/helloworld.c: In function 'drive_back_acc':
../src/helloworld.c:606:35: warning: pointer targets in initialization differ in signedness [-Wpointer-sign]
  volatile int32_t * distancePtr = (uint32_t *)(ULTRASONIC_BASEADDR);
                                   ^
../src/helloworld.c:607:31: warning: pointer targets in initialization differ in signedness [-Wpointer-sign]
  volatile int32_t * acclPtr = (uint32_t *) (ACCL_BASEADDR);
                               ^
../src/helloworld.c: In function 'main':
../src/helloworld.c:721:25: warning: unused variable 'stop' [-Wunused-variable]
     volatile uint32_t * stop;
                         ^~~~
../src/helloworld.c:720:25: warning: unused variable 'ptr' [-Wunused-variable]
     volatile uint32_t * ptr;
                         ^~~
../src/helloworld.c:719:23: warning: unused variable 'value1' [-Wunused-variable]
     volatile uint32_t value1;
                       ^~~~~~
../src/helloworld.c:718:23: warning: unused variable 'value' [-Wunused-variable]
     volatile uint32_t value;
                       ^~~~~
'Finished building: ../src/helloworld.c'
' '
'Building target: accl_testbench.elf'
'Invoking: MicroBlaze gcc linker'
mb-gcc -Wl,-T -Wl,../src/lscript.ld -L../../accl_testbench_bsp/microblaze_0/lib -mlittle-endian -mcpu=v11.0 -mxl-soft-mul -Wl,--no-relax -Wl,--gc-sections -o "accl_testbench.elf"  ./src/helloworld.o ./src/platform.o   -Wl,--start-group,-lxil,-lgcc,-lc,--end-group
'Finished building target: accl_testbench.elf'
' '
'Invoking: MicroBlaze Print Size'
mb-size accl_testbench.elf  |tee "accl_testbench.elf.size"
   text	   data	    bss	    dec	    hex	filename
  24032	    324	   3124	  27480	   6b58	accl_testbench.elf
'Finished building: accl_testbench.elf.size'
' '
19:07:24 **** Auto Build of configuration Debug for project accl_testbench ****
make all 
'Building file: ../src/helloworld.c'
'Invoking: MicroBlaze gcc compiler'
mb-gcc -Wall -O0 -g3 -c -fmessage-length=0 -MT"src/helloworld.o" -I../../accl_testbench_bsp/microblaze_0/include -mlittle-endian -mcpu=v11.0 -mxl-soft-mul -Wl,--no-relax -ffunction-sections -fdata-sections -MMD -MP -MF"src/helloworld.d" -MT"src/helloworld.o" -o "src/helloworld.o" "../src/helloworld.c"
../src/helloworld.c: In function 'fourPointSearch':
../src/helloworld.c:361:8: warning: unused variable 'inv_fiddle_factor' [-Wunused-variable]
  float inv_fiddle_factor = 0.0;
        ^~~~~~~~~~~~~~~~~
../src/helloworld.c:360:8: warning: unused variable 'fiddle_factor' [-Wunused-variable]
  float fiddle_factor = 0.0;
        ^~~~~~~~~~~~~
../src/helloworld.c: In function 'drive_back_acc':
../src/helloworld.c:606:35: warning: pointer targets in initialization differ in signedness [-Wpointer-sign]
  volatile int32_t * distancePtr = (uint32_t *)(ULTRASONIC_BASEADDR);
                                   ^
../src/helloworld.c:607:31: warning: pointer targets in initialization differ in signedness [-Wpointer-sign]
  volatile int32_t * acclPtr = (uint32_t *) (ACCL_BASEADDR);
                               ^
../src/helloworld.c: In function 'main':
../src/helloworld.c:721:25: warning: unused variable 'stop' [-Wunused-variable]
     volatile uint32_t * stop;
                         ^~~~
../src/helloworld.c:720:25: warning: unused variable 'ptr' [-Wunused-variable]
     volatile uint32_t * ptr;
                         ^~~
../src/helloworld.c:719:23: warning: unused variable 'value1' [-Wunused-variable]
     volatile uint32_t value1;
                       ^~~~~~
../src/helloworld.c:718:23: warning: unused variable 'value' [-Wunused-variable]
     volatile uint32_t value;
                       ^~~~~
'Finished building: ../src/helloworld.c'
' '
'Building target: accl_testbench.elf'
'Invoking: MicroBlaze gcc linker'
mb-gcc -Wl,-T -Wl,../src/lscript.ld -L../../accl_testbench_bsp/microblaze_0/lib -mlittle-endian -mcpu=v11.0 -mxl-soft-mul -Wl,--no-relax -Wl,--gc-sections -o "accl_testbench.elf"  ./src/helloworld.o ./src/platform.o   -Wl,--start-group,-lxil,-lgcc,-lc,--end-group
'Finished building target: accl_testbench.elf'
' '
'Invoking: MicroBlaze Print Size'
mb-size accl_testbench.elf  |tee "accl_testbench.elf.size"
   text	   data	    bss	    dec	    hex	filename
  24016	    324	   3124	  27464	   6b48	accl_testbench.elf
'Finished building: accl_testbench.elf.size'
' '
19:12:45 **** Auto Build of configuration Debug for project accl_testbench ****
make all 
'Building file: ../src/helloworld.c'
'Invoking: MicroBlaze gcc compiler'
mb-gcc -Wall -O0 -g3 -c -fmessage-length=0 -MT"src/helloworld.o" -I../../accl_testbench_bsp/microblaze_0/include -mlittle-endian -mcpu=v11.0 -mxl-soft-mul -Wl,--no-relax -ffunction-sections -fdata-sections -MMD -MP -MF"src/helloworld.d" -MT"src/helloworld.o" -o "src/helloworld.o" "../src/helloworld.c"
../src/helloworld.c: In function 'fourPointSearch':
../src/helloworld.c:361:8: warning: unused variable 'inv_fiddle_factor' [-Wunused-variable]
  float inv_fiddle_factor = 0.0;
        ^~~~~~~~~~~~~~~~~
../src/helloworld.c:360:8: warning: unused variable 'fiddle_factor' [-Wunused-variable]
  float fiddle_factor = 0.0;
        ^~~~~~~~~~~~~
../src/helloworld.c: In function 'drive_back_acc':
../src/helloworld.c:606:35: warning: pointer targets in initialization differ in signedness [-Wpointer-sign]
  volatile int32_t * distancePtr = (uint32_t *)(ULTRASONIC_BASEADDR);
                                   ^
../src/helloworld.c:607:31: warning: pointer targets in initialization differ in signedness [-Wpointer-sign]
  volatile int32_t * acclPtr = (uint32_t *) (ACCL_BASEADDR);
                               ^
../src/helloworld.c: In function 'main':
../src/helloworld.c:721:25: warning: unused variable 'stop' [-Wunused-variable]
     volatile uint32_t * stop;
                         ^~~~
../src/helloworld.c:720:25: warning: unused variable 'ptr' [-Wunused-variable]
     volatile uint32_t * ptr;
                         ^~~
../src/helloworld.c:719:23: warning: unused variable 'value1' [-Wunused-variable]
     volatile uint32_t value1;
                       ^~~~~~
../src/helloworld.c:718:23: warning: unused variable 'value' [-Wunused-variable]
     volatile uint32_t value;
                       ^~~~~
'Finished building: ../src/helloworld.c'
' '
'Building target: accl_testbench.elf'
'Invoking: MicroBlaze gcc linker'
mb-gcc -Wl,-T -Wl,../src/lscript.ld -L../../accl_testbench_bsp/microblaze_0/lib -mlittle-endian -mcpu=v11.0 -mxl-soft-mul -Wl,--no-relax -Wl,--gc-sections -o "accl_testbench.elf"  ./src/helloworld.o ./src/platform.o   -Wl,--start-group,-lxil,-lgcc,-lc,--end-group
'Finished building target: accl_testbench.elf'
' '
'Invoking: MicroBlaze Print Size'
mb-size accl_testbench.elf  |tee "accl_testbench.elf.size"
   text	   data	    bss	    dec	    hex	filename
  24016	    324	   3124	  27464	   6b48	accl_testbench.elf
'Finished building: accl_testbench.elf.size'
' '
19:16:14 **** Auto Build of configuration Debug for project accl_testbench ****
make all 
'Building file: ../src/helloworld.c'
'Invoking: MicroBlaze gcc compiler'
mb-gcc -Wall -O0 -g3 -c -fmessage-length=0 -MT"src/helloworld.o" -I../../accl_testbench_bsp/microblaze_0/include -mlittle-endian -mcpu=v11.0 -mxl-soft-mul -Wl,--no-relax -ffunction-sections -fdata-sections -MMD -MP -MF"src/helloworld.d" -MT"src/helloworld.o" -o "src/helloworld.o" "../src/helloworld.c"
../src/helloworld.c: In function 'fourPointSearch':
../src/helloworld.c:361:8: warning: unused variable 'inv_fiddle_factor' [-Wunused-variable]
  float inv_fiddle_factor = 0.0;
        ^~~~~~~~~~~~~~~~~
../src/helloworld.c:360:8: warning: unused variable 'fiddle_factor' [-Wunused-variable]
  float fiddle_factor = 0.0;
        ^~~~~~~~~~~~~
../src/helloworld.c: In function 'drive_back_acc':
../src/helloworld.c:606:35: warning: pointer targets in initialization differ in signedness [-Wpointer-sign]
  volatile int32_t * distancePtr = (uint32_t *)(ULTRASONIC_BASEADDR);
                                   ^
../src/helloworld.c:607:31: warning: pointer targets in initialization differ in signedness [-Wpointer-sign]
  volatile int32_t * acclPtr = (uint32_t *) (ACCL_BASEADDR);
                               ^
../src/helloworld.c: In function 'main':
../src/helloworld.c:721:25: warning: unused variable 'stop' [-Wunused-variable]
     volatile uint32_t * stop;
                         ^~~~
../src/helloworld.c:720:25: warning: unused variable 'ptr' [-Wunused-variable]
     volatile uint32_t * ptr;
                         ^~~
../src/helloworld.c:719:23: warning: unused variable 'value1' [-Wunused-variable]
     volatile uint32_t value1;
                       ^~~~~~
../src/helloworld.c:718:23: warning: unused variable 'value' [-Wunused-variable]
     volatile uint32_t value;
                       ^~~~~
'Finished building: ../src/helloworld.c'
' '
'Building target: accl_testbench.elf'
'Invoking: MicroBlaze gcc linker'
mb-gcc -Wl,-T -Wl,../src/lscript.ld -L../../accl_testbench_bsp/microblaze_0/lib -mlittle-endian -mcpu=v11.0 -mxl-soft-mul -Wl,--no-relax -Wl,--gc-sections -o "accl_testbench.elf"  ./src/helloworld.o ./src/platform.o   -Wl,--start-group,-lxil,-lgcc,-lc,--end-group
'Finished building target: accl_testbench.elf'
' '
'Invoking: MicroBlaze Print Size'
mb-size accl_testbench.elf  |tee "accl_testbench.elf.size"
   text	   data	    bss	    dec	    hex	filename
  24016	    324	   3124	  27464	   6b48	accl_testbench.elf
'Finished building: accl_testbench.elf.size'
' '
19:22:06 **** Incremental Build of configuration Debug for project FINAL_hopefully ****
make all 
make: Nothing to be done for 'all'.
19:22:06 **** Incremental Build of configuration Debug for project accl_testbench ****
make all 
make: Nothing to be done for 'all'.
19:26:20 **** Auto Build of configuration Debug for project accl_testbench ****
make all 
'Building file: ../src/helloworld.c'
'Invoking: MicroBlaze gcc compiler'
mb-gcc -Wall -O0 -g3 -c -fmessage-length=0 -MT"src/helloworld.o" -I../../accl_testbench_bsp/microblaze_0/include -mlittle-endian -mcpu=v11.0 -mxl-soft-mul -Wl,--no-relax -ffunction-sections -fdata-sections -MMD -MP -MF"src/helloworld.d" -MT"src/helloworld.o" -o "src/helloworld.o" "../src/helloworld.c"
../src/helloworld.c: In function 'fourPointSearch':
../src/helloworld.c:361:8: warning: unused variable 'inv_fiddle_factor' [-Wunused-variable]
  float inv_fiddle_factor = 0.0;
        ^~~~~~~~~~~~~~~~~
../src/helloworld.c:360:8: warning: unused variable 'fiddle_factor' [-Wunused-variable]
  float fiddle_factor = 0.0;
        ^~~~~~~~~~~~~
../src/helloworld.c: In function 'main':
../src/helloworld.c:728:25: warning: unused variable 'stop' [-Wunused-variable]
     volatile uint32_t * stop;
                         ^~~~
../src/helloworld.c:727:25: warning: unused variable 'ptr' [-Wunused-variable]
     volatile uint32_t * ptr;
                         ^~~
../src/helloworld.c:726:23: warning: unused variable 'value1' [-Wunused-variable]
     volatile uint32_t value1;
                       ^~~~~~
../src/helloworld.c:725:23: warning: unused variable 'value' [-Wunused-variable]
     volatile uint32_t value;
                       ^~~~~
'Finished building: ../src/helloworld.c'
' '
'Building target: accl_testbench.elf'
'Invoking: MicroBlaze gcc linker'
mb-gcc -Wl,-T -Wl,../src/lscript.ld -L../../accl_testbench_bsp/microblaze_0/lib -mlittle-endian -mcpu=v11.0 -mxl-soft-mul -Wl,--no-relax -Wl,--gc-sections -o "accl_testbench.elf"  ./src/helloworld.o ./src/platform.o   -Wl,--start-group,-lxil,-lgcc,-lc,--end-group
'Finished building target: accl_testbench.elf'
' '
'Invoking: MicroBlaze Print Size'
mb-size accl_testbench.elf  |tee "accl_testbench.elf.size"
   text	   data	    bss	    dec	    hex	filename
  25320	    324	   3124	  28768	   7060	accl_testbench.elf
'Finished building: accl_testbench.elf.size'
' '
19:32:25 **** Auto Build of configuration Debug for project accl_testbench ****
make all 
'Building file: ../src/helloworld.c'
'Invoking: MicroBlaze gcc compiler'
mb-gcc -Wall -O0 -g3 -c -fmessage-length=0 -MT"src/helloworld.o" -I../../accl_testbench_bsp/microblaze_0/include -mlittle-endian -mcpu=v11.0 -mxl-soft-mul -Wl,--no-relax -ffunction-sections -fdata-sections -MMD -MP -MF"src/helloworld.d" -MT"src/helloworld.o" -o "src/helloworld.o" "../src/helloworld.c"
../src/helloworld.c: In function 'fourPointSearch':
../src/helloworld.c:361:8: warning: unused variable 'inv_fiddle_factor' [-Wunused-variable]
  float inv_fiddle_factor = 0.0;
        ^~~~~~~~~~~~~~~~~
../src/helloworld.c:360:8: warning: unused variable 'fiddle_factor' [-Wunused-variable]
  float fiddle_factor = 0.0;
        ^~~~~~~~~~~~~
../src/helloworld.c: In function 'main':
../src/helloworld.c:760:6: error: 'found' undeclared (first use in this function); did you mean 'round'?
      found = drive_forward(900 * 1000/2, 60);
      ^~~~~
      round
../src/helloworld.c:760:6: note: each undeclared identifier is reported only once for each function it appears in
../src/helloworld.c:728:25: warning: unused variable 'stop' [-Wunused-variable]
     volatile uint32_t * stop;
                         ^~~~
../src/helloworld.c:727:25: warning: unused variable 'ptr' [-Wunused-variable]
     volatile uint32_t * ptr;
                         ^~~
../src/helloworld.c:726:23: warning: unused variable 'value1' [-Wunused-variable]
     volatile uint32_t value1;
                       ^~~~~~
../src/helloworld.c:725:23: warning: unused variable 'value' [-Wunused-variable]
     volatile uint32_t value;
                       ^~~~~
make: *** [src/subdir.mk:26: src/helloworld.o] Error 1
19:32:30 **** Auto Build of configuration Debug for project accl_testbench ****
make all 
'Building file: ../src/helloworld.c'
'Invoking: MicroBlaze gcc compiler'
mb-gcc -Wall -O0 -g3 -c -fmessage-length=0 -MT"src/helloworld.o" -I../../accl_testbench_bsp/microblaze_0/include -mlittle-endian -mcpu=v11.0 -mxl-soft-mul -Wl,--no-relax -ffunction-sections -fdata-sections -MMD -MP -MF"src/helloworld.d" -MT"src/helloworld.o" -o "src/helloworld.o" "../src/helloworld.c"
../src/helloworld.c: In function 'fourPointSearch':
../src/helloworld.c:361:8: warning: unused variable 'inv_fiddle_factor' [-Wunused-variable]
  float inv_fiddle_factor = 0.0;
        ^~~~~~~~~~~~~~~~~
../src/helloworld.c:360:8: warning: unused variable 'fiddle_factor' [-Wunused-variable]
  float fiddle_factor = 0.0;
        ^~~~~~~~~~~~~
../src/helloworld.c: In function 'main':
../src/helloworld.c:728:25: warning: unused variable 'stop' [-Wunused-variable]
     volatile uint32_t * stop;
                         ^~~~
../src/helloworld.c:727:25: warning: unused variable 'ptr' [-Wunused-variable]
     volatile uint32_t * ptr;
                         ^~~
../src/helloworld.c:726:23: warning: unused variable 'value1' [-Wunused-variable]
     volatile uint32_t value1;
                       ^~~~~~
../src/helloworld.c:725:23: warning: unused variable 'value' [-Wunused-variable]
     volatile uint32_t value;
                       ^~~~~
'Finished building: ../src/helloworld.c'
' '
'Building target: accl_testbench.elf'
'Invoking: MicroBlaze gcc linker'
mb-gcc -Wl,-T -Wl,../src/lscript.ld -L../../accl_testbench_bsp/microblaze_0/lib -mlittle-endian -mcpu=v11.0 -mxl-soft-mul -Wl,--no-relax -Wl,--gc-sections -o "accl_testbench.elf"  ./src/helloworld.o ./src/platform.o   -Wl,--start-group,-lxil,-lgcc,-lc,--end-group
'Finished building target: accl_testbench.elf'
' '
'Invoking: MicroBlaze Print Size'
mb-size accl_testbench.elf  |tee "accl_testbench.elf.size"
   text	   data	    bss	    dec	    hex	filename
  26212	    324	   3128	  29664	   73e0	accl_testbench.elf
'Finished building: accl_testbench.elf.size'
' '
19:44:37 **** Auto Build of configuration Debug for project accl_testbench ****
make all 
'Building file: ../src/helloworld.c'
'Invoking: MicroBlaze gcc compiler'
mb-gcc -Wall -O0 -g3 -c -fmessage-length=0 -MT"src/helloworld.o" -I../../accl_testbench_bsp/microblaze_0/include -mlittle-endian -mcpu=v11.0 -mxl-soft-mul -Wl,--no-relax -ffunction-sections -fdata-sections -MMD -MP -MF"src/helloworld.d" -MT"src/helloworld.o" -o "src/helloworld.o" "../src/helloworld.c"
../src/helloworld.c: In function 'fourPointSearch':
../src/helloworld.c:361:8: warning: unused variable 'inv_fiddle_factor' [-Wunused-variable]
  float inv_fiddle_factor = 0.0;
        ^~~~~~~~~~~~~~~~~
../src/helloworld.c:360:8: warning: unused variable 'fiddle_factor' [-Wunused-variable]
  float fiddle_factor = 0.0;
        ^~~~~~~~~~~~~
../src/helloworld.c: In function 'main':
../src/helloworld.c:728:25: warning: unused variable 'stop' [-Wunused-variable]
     volatile uint32_t * stop;
                         ^~~~
../src/helloworld.c:727:25: warning: unused variable 'ptr' [-Wunused-variable]
     volatile uint32_t * ptr;
                         ^~~
../src/helloworld.c:726:23: warning: unused variable 'value1' [-Wunused-variable]
     volatile uint32_t value1;
                       ^~~~~~
../src/helloworld.c:725:23: warning: unused variable 'value' [-Wunused-variable]
     volatile uint32_t value;
                       ^~~~~
'Finished building: ../src/helloworld.c'
' '
'Building target: accl_testbench.elf'
'Invoking: MicroBlaze gcc linker'
mb-gcc -Wl,-T -Wl,../src/lscript.ld -L../../accl_testbench_bsp/microblaze_0/lib -mlittle-endian -mcpu=v11.0 -mxl-soft-mul -Wl,--no-relax -Wl,--gc-sections -o "accl_testbench.elf"  ./src/helloworld.o ./src/platform.o   -Wl,--start-group,-lxil,-lgcc,-lc,--end-group
'Finished building target: accl_testbench.elf'
' '
'Invoking: MicroBlaze Print Size'
mb-size accl_testbench.elf  |tee "accl_testbench.elf.size"
   text	   data	    bss	    dec	    hex	filename
  26212	    324	   3128	  29664	   73e0	accl_testbench.elf
'Finished building: accl_testbench.elf.size'
' '
19:52:50 **** Auto Build of configuration Debug for project accl_testbench ****
make all 
'Building file: ../src/helloworld.c'
'Invoking: MicroBlaze gcc compiler'
mb-gcc -Wall -O0 -g3 -c -fmessage-length=0 -MT"src/helloworld.o" -I../../accl_testbench_bsp/microblaze_0/include -mlittle-endian -mcpu=v11.0 -mxl-soft-mul -Wl,--no-relax -ffunction-sections -fdata-sections -MMD -MP -MF"src/helloworld.d" -MT"src/helloworld.o" -o "src/helloworld.o" "../src/helloworld.c"
../src/helloworld.c: In function 'fourPointSearch':
../src/helloworld.c:361:8: warning: unused variable 'inv_fiddle_factor' [-Wunused-variable]
  float inv_fiddle_factor = 0.0;
        ^~~~~~~~~~~~~~~~~
../src/helloworld.c:360:8: warning: unused variable 'fiddle_factor' [-Wunused-variable]
  float fiddle_factor = 0.0;
        ^~~~~~~~~~~~~
../src/helloworld.c: In function 'main':
../src/helloworld.c:728:25: warning: unused variable 'stop' [-Wunused-variable]
     volatile uint32_t * stop;
                         ^~~~
../src/helloworld.c:727:25: warning: unused variable 'ptr' [-Wunused-variable]
     volatile uint32_t * ptr;
                         ^~~
../src/helloworld.c:726:23: warning: unused variable 'value1' [-Wunused-variable]
     volatile uint32_t value1;
                       ^~~~~~
../src/helloworld.c:725:23: warning: unused variable 'value' [-Wunused-variable]
     volatile uint32_t value;
                       ^~~~~
'Finished building: ../src/helloworld.c'
' '
'Building target: accl_testbench.elf'
'Invoking: MicroBlaze gcc linker'
mb-gcc -Wl,-T -Wl,../src/lscript.ld -L../../accl_testbench_bsp/microblaze_0/lib -mlittle-endian -mcpu=v11.0 -mxl-soft-mul -Wl,--no-relax -Wl,--gc-sections -o "accl_testbench.elf"  ./src/helloworld.o ./src/platform.o   -Wl,--start-group,-lxil,-lgcc,-lc,--end-group
'Finished building target: accl_testbench.elf'
' '
'Invoking: MicroBlaze Print Size'
mb-size accl_testbench.elf  |tee "accl_testbench.elf.size"
   text	   data	    bss	    dec	    hex	filename
  26212	    324	   3128	  29664	   73e0	accl_testbench.elf
'Finished building: accl_testbench.elf.size'
' '
19:53:12 **** Auto Build of configuration Debug for project accl_testbench ****
make all 
'Building file: ../src/helloworld.c'
'Invoking: MicroBlaze gcc compiler'
mb-gcc -Wall -O0 -g3 -c -fmessage-length=0 -MT"src/helloworld.o" -I../../accl_testbench_bsp/microblaze_0/include -mlittle-endian -mcpu=v11.0 -mxl-soft-mul -Wl,--no-relax -ffunction-sections -fdata-sections -MMD -MP -MF"src/helloworld.d" -MT"src/helloworld.o" -o "src/helloworld.o" "../src/helloworld.c"
../src/helloworld.c: In function 'fourPointSearch':
../src/helloworld.c:361:8: warning: unused variable 'inv_fiddle_factor' [-Wunused-variable]
  float inv_fiddle_factor = 0.0;
        ^~~~~~~~~~~~~~~~~
../src/helloworld.c:360:8: warning: unused variable 'fiddle_factor' [-Wunused-variable]
  float fiddle_factor = 0.0;
        ^~~~~~~~~~~~~
../src/helloworld.c: In function 'main':
../src/helloworld.c:728:25: warning: unused variable 'stop' [-Wunused-variable]
     volatile uint32_t * stop;
                         ^~~~
../src/helloworld.c:727:25: warning: unused variable 'ptr' [-Wunused-variable]
     volatile uint32_t * ptr;
                         ^~~
../src/helloworld.c:726:23: warning: unused variable 'value1' [-Wunused-variable]
     volatile uint32_t value1;
                       ^~~~~~
../src/helloworld.c:725:23: warning: unused variable 'value' [-Wunused-variable]
     volatile uint32_t value;
                       ^~~~~
'Finished building: ../src/helloworld.c'
' '
'Building target: accl_testbench.elf'
'Invoking: MicroBlaze gcc linker'
mb-gcc -Wl,-T -Wl,../src/lscript.ld -L../../accl_testbench_bsp/microblaze_0/lib -mlittle-endian -mcpu=v11.0 -mxl-soft-mul -Wl,--no-relax -Wl,--gc-sections -o "accl_testbench.elf"  ./src/helloworld.o ./src/platform.o   -Wl,--start-group,-lxil,-lgcc,-lc,--end-group
'Finished building target: accl_testbench.elf'
' '
'Invoking: MicroBlaze Print Size'
mb-size accl_testbench.elf  |tee "accl_testbench.elf.size"
   text	   data	    bss	    dec	    hex	filename
  26212	    324	   3128	  29664	   73e0	accl_testbench.elf
'Finished building: accl_testbench.elf.size'
' '
19:55:46 **** Auto Build of configuration Debug for project accl_testbench ****
make all 
'Building file: ../src/helloworld.c'
'Invoking: MicroBlaze gcc compiler'
mb-gcc -Wall -O0 -g3 -c -fmessage-length=0 -MT"src/helloworld.o" -I../../accl_testbench_bsp/microblaze_0/include -mlittle-endian -mcpu=v11.0 -mxl-soft-mul -Wl,--no-relax -ffunction-sections -fdata-sections -MMD -MP -MF"src/helloworld.d" -MT"src/helloworld.o" -o "src/helloworld.o" "../src/helloworld.c"
../src/helloworld.c: In function 'fourPointSearch':
../src/helloworld.c:361:8: warning: unused variable 'inv_fiddle_factor' [-Wunused-variable]
  float inv_fiddle_factor = 0.0;
        ^~~~~~~~~~~~~~~~~
../src/helloworld.c:360:8: warning: unused variable 'fiddle_factor' [-Wunused-variable]
  float fiddle_factor = 0.0;
        ^~~~~~~~~~~~~
../src/helloworld.c: In function 'main':
../src/helloworld.c:728:25: warning: unused variable 'stop' [-Wunused-variable]
     volatile uint32_t * stop;
                         ^~~~
../src/helloworld.c:727:25: warning: unused variable 'ptr' [-Wunused-variable]
     volatile uint32_t * ptr;
                         ^~~
../src/helloworld.c:726:23: warning: unused variable 'value1' [-Wunused-variable]
     volatile uint32_t value1;
                       ^~~~~~
../src/helloworld.c:725:23: warning: unused variable 'value' [-Wunused-variable]
     volatile uint32_t value;
                       ^~~~~
'Finished building: ../src/helloworld.c'
' '
'Building target: accl_testbench.elf'
'Invoking: MicroBlaze gcc linker'
mb-gcc -Wl,-T -Wl,../src/lscript.ld -L../../accl_testbench_bsp/microblaze_0/lib -mlittle-endian -mcpu=v11.0 -mxl-soft-mul -Wl,--no-relax -Wl,--gc-sections -o "accl_testbench.elf"  ./src/helloworld.o ./src/platform.o   -Wl,--start-group,-lxil,-lgcc,-lc,--end-group
'Finished building target: accl_testbench.elf'
' '
'Invoking: MicroBlaze Print Size'
mb-size accl_testbench.elf  |tee "accl_testbench.elf.size"
   text	   data	    bss	    dec	    hex	filename
  26232	    324	   3124	  29680	   73f0	accl_testbench.elf
'Finished building: accl_testbench.elf.size'
' '
20:02:32 **** Auto Build of configuration Debug for project accl_testbench ****
make all 
'Building file: ../src/helloworld.c'
'Invoking: MicroBlaze gcc compiler'
mb-gcc -Wall -O0 -g3 -c -fmessage-length=0 -MT"src/helloworld.o" -I../../accl_testbench_bsp/microblaze_0/include -mlittle-endian -mcpu=v11.0 -mxl-soft-mul -Wl,--no-relax -ffunction-sections -fdata-sections -MMD -MP -MF"src/helloworld.d" -MT"src/helloworld.o" -o "src/helloworld.o" "../src/helloworld.c"
../src/helloworld.c: In function 'fourPointSearch':
../src/helloworld.c:361:8: warning: unused variable 'inv_fiddle_factor' [-Wunused-variable]
  float inv_fiddle_factor = 0.0;
        ^~~~~~~~~~~~~~~~~
[...]
  float fiddle_factor = 0.0;
        ^~~~~~~~~~~~~
../src/helloworld.c: In function 'setup_controller':
../src/helloworld.c:656:10: warning: unused variable 'y_offset' [-Wunused-variable]
  int16_t y_offset = *accelPtr  >> 9;
          ^~~~~~~~
../src/helloworld.c: In function 'main':
../src/helloworld.c:748:25: warning: unused variable 'stop' [-Wunused-variable]
     volatile uint32_t * stop;
                         ^~~~
../src/helloworld.c:747:25: warning: unused variable 'ptr' [-Wunused-variable]
     volatile uint32_t * ptr;
                         ^~~
../src/helloworld.c:746:23: warning: unused variable 'value1' [-Wunused-variable]
     volatile uint32_t value1;
                       ^~~~~~
../src/helloworld.c:745:23: warning: unused variable 'value' [-Wunused-variable]
     volatile uint32_t value;
                       ^~~~~
'Finished building: ../src/helloworld.c'
' '
'Building target: FINAL_hopefully.elf'
'Invoking: MicroBlaze gcc linker'
mb-gcc -Wl,-T -Wl,../src/lscript.ld -L../../FINAL_hopefully_bsp/microblaze_0/lib -mlittle-endian -mcpu=v11.0 -mxl-soft-mul -Wl,--no-relax -Wl,--gc-sections -o "FINAL_hopefully.elf"  ./src/helloworld.o ./src/platform.o   -Wl,--start-group,-lxil,-lgcc,-lc,--end-group
'Finished building target: FINAL_hopefully.elf'
' '
'Invoking: MicroBlaze Print Size'
mb-size FINAL_hopefully.elf  |tee "FINAL_hopefully.elf.size"
   text	   data	    bss	    dec	    hex	filename
  28276	    324	   3152	  31752	   7c08	FINAL_hopefully.elf
'Finished building: FINAL_hopefully.elf.size'
' '
02:53:48 **** Auto Build of configuration Debug for project FINAL_hopefully ****
make all 
'Building file: ../src/helloworld.c'
'Invoking: MicroBlaze gcc compiler'
mb-gcc -Wall -O0 -g3 -c -fmessage-length=0 -MT"src/helloworld.o" -I../../FINAL_hopefully_bsp/microblaze_0/include -mlittle-endian -mcpu=v11.0 -mxl-soft-mul -Wl,--no-relax -ffunction-sections -fdata-sections -MMD -MP -MF"src/helloworld.d" -MT"src/helloworld.o" -o "src/helloworld.o" "../src/helloworld.c"
../src/helloworld.c: In function 'fourPointSearch':
../src/helloworld.c:427:8: warning: unused variable 'inv_fiddle_factor' [-Wunused-variable]
  float inv_fiddle_factor = 0.0;
        ^~~~~~~~~~~~~~~~~
../src/helloworld.c:426:8: warning: unused variable 'fiddle_factor' [-Wunused-variable]
  float fiddle_factor = 0.0;
        ^~~~~~~~~~~~~
../src/helloworld.c: In function 'setup_controller':
../src/helloworld.c:654:10: warning: unused variable 'y_offset' [-Wunused-variable]
  int16_t y_offset = *accelPtr  >> 9;
          ^~~~~~~~
../src/helloworld.c: In function 'main':
../src/helloworld.c:746:25: warning: unused variable 'stop' [-Wunused-variable]
     volatile uint32_t * stop;
                         ^~~~
../src/helloworld.c:745:25: warning: unused variable 'ptr' [-Wunused-variable]
     volatile uint32_t * ptr;
                         ^~~
../src/helloworld.c:744:23: warning: unused variable 'value1' [-Wunused-variable]
     volatile uint32_t value1;
                       ^~~~~~
../src/helloworld.c:743:23: warning: unused variable 'value' [-Wunused-variable]
     volatile uint32_t value;
                       ^~~~~
'Finished building: ../src/helloworld.c'
' '
'Building target: FINAL_hopefully.elf'
'Invoking: MicroBlaze gcc linker'
mb-gcc -Wl,-T -Wl,../src/lscript.ld -L../../FINAL_hopefully_bsp/microblaze_0/lib -mlittle-endian -mcpu=v11.0 -mxl-soft-mul -Wl,--no-relax -Wl,--gc-sections -o "FINAL_hopefully.elf"  ./src/helloworld.o ./src/platform.o   -Wl,--start-group,-lxil,-lgcc,-lc,--end-group
'Finished building target: FINAL_hopefully.elf'
' '
'Invoking: MicroBlaze Print Size'
mb-size FINAL_hopefully.elf  |tee "FINAL_hopefully.elf.size"
   text	   data	    bss	    dec	    hex	filename
  28260	    324	   3152	  31736	   7bf8	FINAL_hopefully.elf
'Finished building: FINAL_hopefully.elf.size'
' '
02:56:43 **** Auto Build of configuration Debug for project FINAL_hopefully ****
make all 
'Building file: ../src/helloworld.c'
'Invoking: MicroBlaze gcc compiler'
mb-gcc -Wall -O0 -g3 -c -fmessage-length=0 -MT"src/helloworld.o" -I../../FINAL_hopefully_bsp/microblaze_0/include -mlittle-endian -mcpu=v11.0 -mxl-soft-mul -Wl,--no-relax -ffunction-sections -fdata-sections -MMD -MP -MF"src/helloworld.d" -MT"src/helloworld.o" -o "src/helloworld.o" "../src/helloworld.c"
../src/helloworld.c: In function 'fourPointSearch':
../src/helloworld.c:427:8: warning: unused variable 'inv_fiddle_factor' [-Wunused-variable]
  float inv_fiddle_factor = 0.0;
        ^~~~~~~~~~~~~~~~~
../src/helloworld.c:426:8: warning: unused variable 'fiddle_factor' [-Wunused-variable]
  float fiddle_factor = 0.0;
        ^~~~~~~~~~~~~
../src/helloworld.c: In function 'setup_controller':
../src/helloworld.c:654:10: warning: unused variable 'y_offset' [-Wunused-variable]
  int16_t y_offset = *accelPtr  >> 9;
          ^~~~~~~~
../src/helloworld.c: In function 'main':
../src/helloworld.c:746:25: warning: unused variable 'stop' [-Wunused-variable]
     volatile uint32_t * stop;
                         ^~~~
../src/helloworld.c:745:25: warning: unused variable 'ptr' [-Wunused-variable]
     volatile uint32_t * ptr;
                         ^~~
../src/helloworld.c:744:23: warning: unused variable 'value1' [-Wunused-variable]
     volatile uint32_t value1;
                       ^~~~~~
../src/helloworld.c:743:23: warning: unused variable 'value' [-Wunused-variable]
     volatile uint32_t value;
                       ^~~~~
'Finished building: ../src/helloworld.c'
' '
'Building target: FINAL_hopefully.elf'
'Invoking: MicroBlaze gcc linker'
mb-gcc -Wl,-T -Wl,../src/lscript.ld -L../../FINAL_hopefully_bsp/microblaze_0/lib -mlittle-endian -mcpu=v11.0 -mxl-soft-mul -Wl,--no-relax -Wl,--gc-sections -o "FINAL_hopefully.elf"  ./src/helloworld.o ./src/platform.o   -Wl,--start-group,-lxil,-lgcc,-lc,--end-group
'Finished building target: FINAL_hopefully.elf'
' '
'Invoking: MicroBlaze Print Size'
mb-size FINAL_hopefully.elf  |tee "FINAL_hopefully.elf.size"
   text	   data	    bss	    dec	    hex	filename
  28260	    324	   3152	  31736	   7bf8	FINAL_hopefully.elf
'Finished building: FINAL_hopefully.elf.size'
' '
03:05:25 **** Auto Build of configuration Debug for project FINAL_hopefully ****
make all 
'Building file: ../src/helloworld.c'
'Invoking: MicroBlaze gcc compiler'
mb-gcc -Wall -O0 -g3 -c -fmessage-length=0 -MT"src/helloworld.o" -I../../FINAL_hopefully_bsp/microblaze_0/include -mlittle-endian -mcpu=v11.0 -mxl-soft-mul -Wl,--no-relax -ffunction-sections -fdata-sections -MMD -MP -MF"src/helloworld.d" -MT"src/helloworld.o" -o "src/helloworld.o" "../src/helloworld.c"
../src/helloworld.c: In function 'fourPointSearch':
../src/helloworld.c:427:8: warning: unused variable 'inv_fiddle_factor' [-Wunused-variable]
  float inv_fiddle_factor = 0.0;
        ^~~~~~~~~~~~~~~~~
../src/helloworld.c:426:8: warning: unused variable 'fiddle_factor' [-Wunused-variable]
  float fiddle_factor = 0.0;
        ^~~~~~~~~~~~~
../src/helloworld.c: In function 'setup_controller':
../src/helloworld.c:654:10: warning: unused variable 'y_offset' [-Wunused-variable]
  int16_t y_offset = *accelPtr  >> 9;
          ^~~~~~~~
../src/helloworld.c: In function 'main':
../src/helloworld.c:746:25: warning: unused variable 'stop' [-Wunused-variable]
     volatile uint32_t * stop;
                         ^~~~
../src/helloworld.c:745:25: warning: unused variable 'ptr' [-Wunused-variable]
     volatile uint32_t * ptr;
                         ^~~
../src/helloworld.c:744:23: warning: unused variable 'value1' [-Wunused-variable]
     volatile uint32_t value1;
                       ^~~~~~
../src/helloworld.c:743:23: warning: unused variable 'value' [-Wunused-variable]
     volatile uint32_t value;
                       ^~~~~
'Finished building: ../src/helloworld.c'
' '
'Building target: FINAL_hopefully.elf'
'Invoking: MicroBlaze gcc linker'
mb-gcc -Wl,-T -Wl,../src/lscript.ld -L../../FINAL_hopefully_bsp/microblaze_0/lib -mlittle-endian -mcpu=v11.0 -mxl-soft-mul -Wl,--no-relax -Wl,--gc-sections -o "FINAL_hopefully.elf"  ./src/helloworld.o ./src/platform.o   -Wl,--start-group,-lxil,-lgcc,-lc,--end-group
'Finished building target: FINAL_hopefully.elf'
' '
'Invoking: MicroBlaze Print Size'
mb-size FINAL_hopefully.elf  |tee "FINAL_hopefully.elf.size"
   text	   data	    bss	    dec	    hex	filename
  28220	    324	   3152	  31696	   7bd0	FINAL_hopefully.elf
'Finished building: FINAL_hopefully.elf.size'
' '
03:06:21 **** Auto Build of configuration Debug for project FINAL_hopefully ****
make all 
'Building file: ../src/helloworld.c'
'Invoking: MicroBlaze gcc compiler'
mb-gcc -Wall -O0 -g3 -c -fmessage-length=0 -MT"src/helloworld.o" -I../../FINAL_hopefully_bsp/microblaze_0/include -mlittle-endian -mcpu=v11.0 -mxl-soft-mul -Wl,--no-relax -ffunction-sections -fdata-sections -MMD -MP -MF"src/helloworld.d" -MT"src/helloworld.o" -o "src/helloworld.o" "../src/helloworld.c"
../src/helloworld.c: In function 'fourPointSearch':
../src/helloworld.c:427:8: warning: unused variable 'inv_fiddle_factor' [-Wunused-variable]
  float inv_fiddle_factor = 0.0;
        ^~~~~~~~~~~~~~~~~
../src/helloworld.c:426:8: warning: unused variable 'fiddle_factor' [-Wunused-variable]
  float fiddle_factor = 0.0;
        ^~~~~~~~~~~~~
../src/helloworld.c: In function 'setup_controller':
../src/helloworld.c:654:10: warning: unused variable 'y_offset' [-Wunused-variable]
  int16_t y_offset = *accelPtr  >> 9;
          ^~~~~~~~
../src/helloworld.c: In function 'main':
../src/helloworld.c:746:25: warning: unused variable 'stop' [-Wunused-variable]
     volatile uint32_t * stop;
                         ^~~~
../src/helloworld.c:745:25: warning: unused variable 'ptr' [-Wunused-variable]
     volatile uint32_t * ptr;
                         ^~~
../src/helloworld.c:744:23: warning: unused variable 'value1' [-Wunused-variable]
     volatile uint32_t value1;
                       ^~~~~~
../src/helloworld.c:743:23: warning: unused variable 'value' [-Wunused-variable]
     volatile uint32_t value;
                       ^~~~~
'Finished building: ../src/helloworld.c'
' '
'Building target: FINAL_hopefully.elf'
'Invoking: MicroBlaze gcc linker'
mb-gcc -Wl,-T -Wl,../src/lscript.ld -L../../FINAL_hopefully_bsp/microblaze_0/lib -mlittle-endian -mcpu=v11.0 -mxl-soft-mul -Wl,--no-relax -Wl,--gc-sections -o "FINAL_hopefully.elf"  ./src/helloworld.o ./src/platform.o   -Wl,--start-group,-lxil,-lgcc,-lc,--end-group
'Finished building target: FINAL_hopefully.elf'
' '
'Invoking: MicroBlaze Print Size'
mb-size FINAL_hopefully.elf  |tee "FINAL_hopefully.elf.size"
   text	   data	    bss	    dec	    hex	filename
  28232	    324	   3148	  31704	   7bd8	FINAL_hopefully.elf
'Finished building: FINAL_hopefully.elf.size'
' '
03:13:53 **** Auto Build of configuration Debug for project FINAL_hopefully ****
make all 
'Building file: ../src/helloworld.c'
'Invoking: MicroBlaze gcc compiler'
mb-gcc -Wall -O0 -g3 -c -fmessage-length=0 -MT"src/helloworld.o" -I../../FINAL_hopefully_bsp/microblaze_0/include -mlittle-endian -mcpu=v11.0 -mxl-soft-mul -Wl,--no-relax -ffunction-sections -fdata-sections -MMD -MP -MF"src/helloworld.d" -MT"src/helloworld.o" -o "src/helloworld.o" "../src/helloworld.c"
../src/helloworld.c: In function 'fourPointSearch':
../src/helloworld.c:427:8: warning: unused variable 'inv_fiddle_factor' [-Wunused-variable]
  float inv_fiddle_factor = 0.0;
        ^~~~~~~~~~~~~~~~~
../src/helloworld.c:426:8: warning: unused variable 'fiddle_factor' [-Wunused-variable]
  float fiddle_factor = 0.0;
        ^~~~~~~~~~~~~
../src/helloworld.c: In function 'setup_controller':
../src/helloworld.c:654:10: warning: unused variable 'y_offset' [-Wunused-variable]
  int16_t y_offset = *accelPtr  >> 9;
          ^~~~~~~~
../src/helloworld.c: In function 'main':
../src/helloworld.c:746:25: warning: unused variable 'stop' [-Wunused-variable]
     volatile uint32_t * stop;
                         ^~~~
../src/helloworld.c:745:25: warning: unused variable 'ptr' [-Wunused-variable]
     volatile uint32_t * ptr;
                         ^~~
../src/helloworld.c:744:23: warning: unused variable 'value1' [-Wunused-variable]
     volatile uint32_t value1;
                       ^~~~~~
../src/helloworld.c:743:23: warning: unused variable 'value' [-Wunused-variable]
     volatile uint32_t value;
                       ^~~~~
'Finished building: ../src/helloworld.c'
' '
'Building target: FINAL_hopefully.elf'
'Invoking: MicroBlaze gcc linker'
mb-gcc -Wl,-T -Wl,../src/lscript.ld -L../../FINAL_hopefully_bsp/microblaze_0/lib -mlittle-endian -mcpu=v11.0 -mxl-soft-mul -Wl,--no-relax -Wl,--gc-sections -o "FINAL_hopefully.elf"  ./src/helloworld.o ./src/platform.o   -Wl,--start-group,-lxil,-lgcc,-lc,--end-group
'Finished building target: FINAL_hopefully.elf'
' '
'Invoking: MicroBlaze Print Size'
mb-size FINAL_hopefully.elf  |tee "FINAL_hopefully.elf.size"
   text	   data	    bss	    dec	    hex	filename
  28232	    324	   3148	  31704	   7bd8	FINAL_hopefully.elf
'Finished building: FINAL_hopefully.elf.size'
' '
03:14:02 **** Auto Build of configuration Debug for project FINAL_hopefully ****
make all 
'Building file: ../src/helloworld.c'
'Invoking: MicroBlaze gcc compiler'
mb-gcc -Wall -O0 -g3 -c -fmessage-length=0 -MT"src/helloworld.o" -I../../FINAL_hopefully_bsp/microblaze_0/include -mlittle-endian -mcpu=v11.0 -mxl-soft-mul -Wl,--no-relax -ffunction-sections -fdata-sections -MMD -MP -MF"src/helloworld.d" -MT"src/helloworld.o" -o "src/helloworld.o" "../src/helloworld.c"
../src/helloworld.c: In function 'fourPointSearch':
../src/helloworld.c:427:8: warning: unused variable 'inv_fiddle_factor' [-Wunused-variable]
  float inv_fiddle_factor = 0.0;
        ^~~~~~~~~~~~~~~~~
../src/helloworld.c:426:8: warning: unused variable 'fiddle_factor' [-Wunused-variable]
  float fiddle_factor = 0.0;
        ^~~~~~~~~~~~~
../src/helloworld.c: In function 'setup_controller':
../src/helloworld.c:654:10: warning: unused variable 'y_offset' [-Wunused-variable]
  int16_t y_offset = *accelPtr  >> 9;
          ^~~~~~~~
../src/helloworld.c: In function 'main':
../src/helloworld.c:745:25: warning: unused variable 'stop' [-Wunused-variable]
     volatile uint32_t * stop;
                         ^~~~
../src/helloworld.c:744:25: warning: unused variable 'ptr' [-Wunused-variable]
     volatile uint32_t * ptr;
                         ^~~
../src/helloworld.c:743:23: warning: unused variable 'value1' [-Wunused-variable]
     volatile uint32_t value1;
                       ^~~~~~
../src/helloworld.c:742:23: warning: unused variable 'value' [-Wunused-variable]
     volatile uint32_t value;
                       ^~~~~
'Finished building: ../src/helloworld.c'
' '
'Building target: FINAL_hopefully.elf'
'Invoking: MicroBlaze gcc linker'
mb-gcc -Wl,-T -Wl,../src/lscript.ld -L../../FINAL_hopefully_bsp/microblaze_0/lib -mlittle-endian -mcpu=v11.0 -mxl-soft-mul -Wl,--no-relax -Wl,--gc-sections -o "FINAL_hopefully.elf"  ./src/helloworld.o ./src/platform.o   -Wl,--start-group,-lxil,-lgcc,-lc,--end-group
'Finished building target: FINAL_hopefully.elf'
' '
'Invoking: MicroBlaze Print Size'
mb-size FINAL_hopefully.elf  |tee "FINAL_hopefully.elf.size"
   text	   data	    bss	    dec	    hex	filename
  28208	    324	   3148	  31680	   7bc0	FINAL_hopefully.elf
'Finished building: FINAL_hopefully.elf.size'
' '
03:14:16 **** Auto Build of configuration Debug for project FINAL_hopefully ****
make all 
'Building file: ../src/helloworld.c'
'Invoking: MicroBlaze gcc compiler'
mb-gcc -Wall -O0 -g3 -c -fmessage-length=0 -MT"src/helloworld.o" -I../../FINAL_hopefully_bsp/microblaze_0/include -mlittle-endian -mcpu=v11.0 -mxl-soft-mul -Wl,--no-relax -ffunction-sections -fdata-sections -MMD -MP -MF"src/helloworld.d" -MT"src/helloworld.o" -o "src/helloworld.o" "../src/helloworld.c"
../src/helloworld.c: In function 'fourPointSearch':
../src/helloworld.c:427:8: warning: unused variable 'inv_fiddle_factor' [-Wunused-variable]
  float inv_fiddle_factor = 0.0;
        ^~~~~~~~~~~~~~~~~
../src/helloworld.c:426:8: warning: unused variable 'fiddle_factor' [-Wunused-variable]
  float fiddle_factor = 0.0;
        ^~~~~~~~~~~~~
../src/helloworld.c: In function 'setup_controller':
../src/helloworld.c:654:10: warning: unused variable 'y_offset' [-Wunused-variable]
  int16_t y_offset = *accelPtr  >> 9;
          ^~~~~~~~
../src/helloworld.c: In function 'main':
../src/helloworld.c:744:25: warning: unused variable 'stop' [-Wunused-variable]
     volatile uint32_t * stop;
                         ^~~~
../src/helloworld.c:743:25: warning: unused variable 'ptr' [-Wunused-variable]
     volatile uint32_t * ptr;
                         ^~~
../src/helloworld.c:742:23: warning: unused variable 'value1' [-Wunused-variable]
     volatile uint32_t value1;
                       ^~~~~~
../src/helloworld.c:741:23: warning: unused variable 'value' [-Wunused-variable]
     volatile uint32_t value;
                       ^~~~~
'Finished building: ../src/helloworld.c'
' '
'Building target: FINAL_hopefully.elf'
'Invoking: MicroBlaze gcc linker'
mb-gcc -Wl,-T -Wl,../src/lscript.ld -L../../FINAL_hopefully_bsp/microblaze_0/lib -mlittle-endian -mcpu=v11.0 -mxl-soft-mul -Wl,--no-relax -Wl,--gc-sections -o "FINAL_hopefully.elf"  ./src/helloworld.o ./src/platform.o   -Wl,--start-group,-lxil,-lgcc,-lc,--end-group
'Finished building target: FINAL_hopefully.elf'
' '
'Invoking: MicroBlaze Print Size'
mb-size FINAL_hopefully.elf  |tee "FINAL_hopefully.elf.size"
   text	   data	    bss	    dec	    hex	filename
  28232	    324	   3148	  31704	   7bd8	FINAL_hopefully.elf
'Finished building: FINAL_hopefully.elf.size'
' '
03:19:11 **** Auto Build of configuration Debug for project FINAL_hopefully ****
make all 
'Building file: ../src/helloworld.c'
'Invoking: MicroBlaze gcc compiler'
mb-gcc -Wall -O0 -g3 -c -fmessage-length=0 -MT"src/helloworld.o" -I../../FINAL_hopefully_bsp/microblaze_0/include -mlittle-endian -mcpu=v11.0 -mxl-soft-mul -Wl,--no-relax -ffunction-sections -fdata-sections -MMD -MP -MF"src/helloworld.d" -MT"src/helloworld.o" -o "src/helloworld.o" "../src/helloworld.c"
../src/helloworld.c: In function 'fourPointSearch':
../src/helloworld.c:427:8: warning: unused variable 'inv_fiddle_factor' [-Wunused-variable]
  float inv_fiddle_factor = 0.0;
        ^~~~~~~~~~~~~~~~~
../src/helloworld.c:426:8: warning: unused variable 'fiddle_factor' [-Wunused-variable]
  float fiddle_factor = 0.0;
        ^~~~~~~~~~~~~
../src/helloworld.c: In function 'setup_controller':
../src/helloworld.c:654:10: warning: unused variable 'y_offset' [-Wunused-variable]
  int16_t y_offset = *accelPtr  >> 9;
          ^~~~~~~~
../src/helloworld.c: In function 'main':
../src/helloworld.c:744:25: warning: unused variable 'stop' [-Wunused-variable]
     volatile uint32_t * stop;
                         ^~~~
../src/helloworld.c:743:25: warning: unused variable 'ptr' [-Wunused-variable]
     volatile uint32_t * ptr;
                         ^~~
../src/helloworld.c:742:23: warning: unused variable 'value1' [-Wunused-variable]
     volatile uint32_t value1;
                       ^~~~~~
../src/helloworld.c:741:23: warning: unused variable 'value' [-Wunused-variable]
     volatile uint32_t value;
                       ^~~~~
'Finished building: ../src/helloworld.c'
' '
'Building target: FINAL_hopefully.elf'
'Invoking: MicroBlaze gcc linker'
mb-gcc -Wl,-T -Wl,../src/lscript.ld -L../../FINAL_hopefully_bsp/microblaze_0/lib -mlittle-endian -mcpu=v11.0 -mxl-soft-mul -Wl,--no-relax -Wl,--gc-sections -o "FINAL_hopefully.elf"  ./src/helloworld.o ./src/platform.o   -Wl,--start-group,-lxil,-lgcc,-lc,--end-group
'Finished building target: FINAL_hopefully.elf'
' '
'Invoking: MicroBlaze Print Size'
mb-size FINAL_hopefully.elf  |tee "FINAL_hopefully.elf.size"
   text	   data	    bss	    dec	    hex	filename
  28212	    324	   3152	  31688	   7bc8	FINAL_hopefully.elf
'Finished building: FINAL_hopefully.elf.size'
' '
