23:13:35 **** Auto Build of configuration Debug for project ultraTest ****
make all 
'Building file: ../src/helloworld.c'
'Invoking: MicroBlaze gcc compiler'
mb-gcc -Wall -O0 -g3 -c -fmessage-length=0 -MT"src/helloworld.o" -I../../ultraTest_bsp/microblaze_0/include -mlittle-endian -mcpu=v11.0 -mxl-soft-mul -Wl,--no-relax -ffunction-sections -fdata-sections -MMD -MP -MF"src/helloworld.d" -MT"src/helloworld.o" -o "src/helloworld.o" "../src/helloworld.c"
'Finished building: ../src/helloworld.c'
' '
'Building target: ultraTest.elf'
'Invoking: MicroBlaze gcc linker'
mb-gcc -Wl,-T -Wl,../src/lscript.ld -L../../ultraTest_bsp/microblaze_0/lib -mlittle-endian -mcpu=v11.0 -mxl-soft-mul -Wl,--no-relax -Wl,--gc-sections -o "ultraTest.elf"  ./src/helloworld.o ./src/platform.o   -Wl,--start-group,-lxil,-lgcc,-lc,--end-group
'Finished building target: ultraTest.elf'
' '
'Invoking: MicroBlaze Print Size'
mb-size ultraTest.elf  |tee "ultraTest.elf.size"
   text	   data	    bss	    dec	    hex	filename
   6344	    320	   3104	   9768	   2628	ultraTest.elf
'Finished building: ultraTest.elf.size'
' '

23:13:36 Build Finished (took 845ms)

